#
# There is insufficient memory for the Java Runtime Environment to continue.
# Native memory allocation (malloc) failed to allocate 1112896 bytes. Error detail: Chunk::new
# Possible reasons:
#   The system is out of physical RAM or swap space
#   This process is running with CompressedOops enabled, and the Java Heap may be blocking the growth of the native heap
# Possible solutions:
#   Reduce memory load on the system
#   Increase physical memory or swap space
#   Check if swap backing store is full
#   Decrease Java heap size (-Xmx/-Xms)
#   Decrease number of Java threads
#   Decrease Java thread stack sizes (-Xss)
#   Set larger code cache with -XX:ReservedCodeCacheSize=
#   JVM is running with Zero Based Compressed Oops mode in which the Java heap is
#     placed in the first 32GB address space. The Java Heap base address is the
#     maximum limit for the native heap growth. Please use -XX:HeapBaseMinAddress
#     to set the Java Heap base and to place the Java Heap above 32GB virtual address.
# This output file may be truncated or incomplete.
#
#  Out of Memory Error (arena.cpp:168), pid=4948, tid=11692
#
# JRE version: OpenJDK Runtime Environment (21.0.9) (build 21.0.9+-14649483-b1163.86)
# Java VM: OpenJDK 64-Bit Server VM (21.0.9+-14649483-b1163.86, mixed mode, tiered, compressed oops, compressed class ptrs, g1 gc, windows-amd64)
# No core dump will be written. Minidumps are not enabled by default on client versions of Windows
#

---------------  S U M M A R Y ------------

Command Line: org.jetbrains.kotlin.cli.jvm.K2JVMCompiler -Xallow-no-source-files -classpath C:\Users\maksi\AppData\Local\Android\Sdk\platforms\android-36.1\android.jar;C:\Users\maksi\AppData\Local\Android\Sdk\build-tools\36.0.0\core-lambda-stubs.jar;D:\Programming\Kotlin\pet-care-app\app\build\intermediates\compile_r_class_jar\debug\generateDebugRFile\R.jar;C:\Users\maksi\.gradle\caches\9.2.1\transforms\5c0a84f00b7bf11230a51b4bcab05f89\workspace\transformed\navigation-common-2.7.7-api.jar;C:\Users\maksi\.gradle\caches\9.2.1\transforms\9f40b8412f872452319734002f2a7082\workspace\transformed\navigation-runtime-2.7.7-api.jar;C:\Users\maksi\.gradle\caches\9.2.1\transforms\064910882b2567d0bb027cb4cf7fa34f\workspace\transformed\navigation-common-ktx-2.7.7-api.jar;C:\Users\maksi\.gradle\caches\9.2.1\transforms\3051e19af19183614b0e8094370acc3e\workspace\transformed\navigation-runtime-ktx-2.7.7-api.jar;C:\Users\maksi\.gradle\caches\9.2.1\transforms\f00d810c73c7cccb3ec8f7238fea04de\workspace\transformed\navigation-compose-2.7.7-api.jar;C:\Users\maksi\.gradle\caches\9.2.1\transforms\a81f0254f406da5444da2b443cb0c91e\workspace\transformed\material3-api.jar;C:\Users\maksi\.gradle\caches\9.2.1\transforms\57600cff6328e702842ab0654dc70ec4\workspace\transformed\coil-compose-2.6.0-api.jar;C:\Users\maksi\.gradle\caches\9.2.1\transforms\8deaf54e092cf36073e4f7aab044e97f\workspace\transformed\coil-compose-base-2.6.0-api.jar;C:\Users\maksi\.gradle\caches\9.2.1\transforms\7220acec284303c6ab47d6e1f811ab7e\workspace\transformed\material-ripple-release-api.jar;C:\Users\maksi\.gradle\caches\9.2.1\transforms\d36231d81d70fd9567bec589cc5b39a0\workspace\transformed\animation-core-api.jar;C:\Users\maksi\.gradle\caches\9.2.1\transforms\83401a3667342b0110c229beb4f80584\workspace\transformed\animation-api.jar;C:\Users\maksi\.gradle\caches\9.2.1\transforms\914a526865bfedef99bd0b783e365c16\workspace\transformed\foundation-layout-api.jar;C:\Users\maksi\.gradle\caches\9.2.1\transforms\389f9074cb50e799041d9cbb9ed646a4\workspace\transformed\foundation-api.jar;C:\Users\maksi\.gradle\caches\9.2.1\transforms\a7087742b3202bf0305fdfad53e00c75\workspace\transformed\core-1.10.1-api.jar;C:\Users\maksi\.gradle\caches\9.2.1\transforms\f9cc5d908b1693cbff9b8fcdfb499aea\workspace\transformed\coil-2.6.0-api.jar;C:\Users\maksi\.gradle\caches\9.2.1\transforms\45d0680ea752de75170bcc104793357e\workspace\transformed\coil-base-2.6.0-api.jar;C:\Users\maksi\.gradle\caches\9.2.1\transforms\c5f048cd0a94bdb37bfacd4eb17aaf07\workspace\transformed\lifecycle-runtime-compose-api.jar;C:\Users\maksi\.gradle\caches\9.2.1\transforms\01d97bb1673b300658dd6bc610e0becd\workspace\transformed\lifecycle-livedata-core-2.10.0-api.jar;C:\Users\maksi\.gradle\caches\modules-2\files-2.1\androidx.lifecycle\lifecycle-common-jvm\2.10.0\2b7a92c746f3339efc533a2da0024e596760f816\lifecycle-common-jvm-2.10.0.jar;C:\Users\maksi\.gradle\caches\9.2.1\transforms\440d44c45d1d6ddfd5352490d8b25ea8\workspace\transformed\lifecycle-viewmodel-savedstate-api.jar;C:\Users\maksi\.gradle\caches\9.2.1\transforms\4d64d6390ea9db078723e9067f96b1c0\workspace\transformed\lifecycle-viewmodel-api.jar;C:\Users\maksi\.gradle\caches\9.2.1\transforms\2ff91e019c774f3e3bf1562920fa0e41\workspace\transformed\lifecycle-runtime-api.jar;C:\Users\maksi\.gradle\caches\9.2.1\transforms\65e95207079d03c1dbd2fd8bdf86186f\workspace\transformed\lifecycle-viewmodel-ktx-2.10.0-api.jar;C:\Users\maksi\.gradle\caches\9.2.1\transforms\f444ab7361a91e2caecd3d45164698a5\workspace\transformed\lifecycle-runtime-ktx-api.jar;C:\Users\maksi\.gradle\caches\9.2.1\transforms\efb88bcb8f1ae69bd198b76d93afec29\workspace\transformed\lifecycle-viewmodel-compose-api.jar;C:\Users\maksi\.gradle\caches\9.2.1\transforms\58c89b59b2b08ab8d7b43c599a2cb971\workspace\transformed\material-icons-extended-release-api.jar;C:\Users\maksi\.gradle\caches\9.2.1\transforms\b1522b0374f6b7f051829fd80021ead4\workspace\transformed\material-icons-core-release-api.jar;C:\Users\maksi\.gradle\caches\9.2.1\transforms\d2ef9c6a9993d734740678b2f78e9dd5\workspace\transformed\ui-tooling-data-api.jar;C:\Users\maksi\.gradle\caches\9.2.1\transforms\ec77e6befa8e12cf20753c7bc97e0798\workspace\transformed\ui-util-api.jar;C:\Users\maksi\.gradle\caches\9.2.1\transforms\a59c162633798eeafb0bd8a5546c195e\workspace\transformed\ui-tooling-preview-api.jar;C:\Users\maksi\.gradle\caches\9.2.1\transforms\ceee003ebd3067390dc99efb4d33deac\workspace\transformed\ui-tooling-api.jar;C:\Users\maksi\.gradle\caches\9.2.1\transforms\7b2b72f3f7174dff73a3c0c42d63e58f\workspace\transformed\ui-unit-api.jar;C:\Users\maksi\.gradle\caches\9.2.1\transforms\5a1fb422a39cccf71699a49fa2b2625b\workspace\transformed\ui-text-api.jar;C:\Users\maksi\.gradle\caches\9.2.1\transforms\21e87c05fe7fb6902d8647ed31465544\workspace\transformed\ui-graphics-api.jar;C:\Users\maksi\.gradle\caches\9.2.1\transforms\1f5ba73768fa1a41e51aa31633867ddb\workspace\transformed\ui-geometry-api.jar;C:\Users\maksi\.gradle\caches\9.2.1\transforms\828707b95ed1a6ab97a70d2bfa79c749\workspace\transformed\ui-api.jar;C:\Users\maksi\.gradle\caches\9.2.1\transforms\567480785f998522e84ca664089f103f\workspace\transformed\ui-test-manifest-1.10.6-api.jar;C:\Users\maksi\.gradle\caches\9.2.1\transforms\cbe3c406bbf3af9402af471667f0d1b4\workspace\transformed\activity-1.8.0-api.jar;C:\Users\maksi\.gradle\caches\9.2.1\transforms\c695ebda1770c3a3c5f51d7a0180c66e\workspace\transformed\activity-compose-1.8.0-api.jar;C:\Users\maksi\.gradle\caches\9.2.1\transforms\c434b5773e56922ee4e5be8e1b39d83e\workspace\transformed\activity-ktx-1.8.0-api.jar;C:\Users\maksi\.gradle\caches\9.2.1\transforms\904e89f9b7c4e7ab3f58f0df2a8088a8\workspace\transformed\core-ktx-1.10.1-api.jar;C:\Users\maksi\.gradle\caches\modules-2\files-2.1\androidx.room\room-common-jvm\2.8.4\3aeefef6615720bec8c860dd0786b48552ef3300\room-common-jvm-2.8.4.jar;C:\Users\maksi\.gradle\caches\9.2.1\transforms\6d034138da6c202b01daa0212a91583e\workspace\transformed\room-runtime-api.jar;C:\Users\maksi\.gradle\caches\9.2.1\transforms\fd4386300e1fae10cbf4db882876a03d\workspace\transformed\room-ktx-2.8.4-api.jar;C:\Users\maksi\.gradle\caches\modules-2\files-2.1\androidx.room3\room3-common-jvm\3.0.0-alpha03\7dcd233f251fa770e7834734dff5bc5c7a1b22e2\room3-common-jvm-3.0.0-alpha03.jar;C:\Users\maksi\.gradle\caches\9.2.1\transforms\23ad37c0d9b34a5e9d0efa4e7e6a822c\workspace\transformed\room3-runtime-api.jar;C:\Users\maksi\.gradle\caches\9.2.1\transforms\a5574912077039e60ebb6742d168c4bc\workspace\transformed\benchmark-traceprocessor-api.jar;C:\Users\maksi\.gradle\caches\9.2.1\transforms\875ff3047d055a73f28bd9770413ce10\workspace\transformed\runtime-retain-api.jar;C:\Users\maksi\.gradle\caches\9.2.1\transforms\37492e94f9df4cb84a366db2fc715487\workspace\transformed\runtime-annotation-api.jar;C:\Users\maksi\.gradle\caches\9.2.1\transforms\f0049dbbd4d49ef59605f43b91209480\workspace\transformed\runtime-api.jar;C:\Users\maksi\.gradle\caches\9.2.1\transforms\0eb6b29dbcb0214ce2e9f0dd1ab7abe0\workspace\transformed\runtime-saveable-api.jar;C:\Users\maksi\.gradle\caches\9.2.1\transforms\c3dd3223b34a12fcc92e9b5c1e49e5e4\workspace\transformed\savedstate-compose-api.jar;C:\Users\maksi\.gradle\caches\9.2.1\transforms\e65bf7c06622ffad8f10c507baeed5a9\workspace\transformed\savedstate-ktx-1.4.0-api.jar;C:\Users\maksi\.gradle\caches\9.2.1\transforms\8fbd06af1e41c7d0f35a53a0e90fe597\workspace\transformed\savedstate-api.jar;C:\Users\maksi\.gradle\caches\modules-2\files-2.1\org.jetbrains.kotlinx\kotlinx-serialization-core-jvm\1.7.3\1f226780b845ff9206474c05159245d861556249\kotlinx-serialization-core-jvm-1.7.3.jar;C:\Users\maksi\.gradle\caches\modules-2\files-2.1\org.jetbrains.kotlinx\kotlinx-serialization-json-jvm\1.7.3\6701e8c68d9e82387ce72ee96e8ddf058208d58f\kotlinx-serialization-json-jvm-1.7.3.jar;C:\Users\maksi\.gradle\caches\modules-2\files-2.1\androidx.datastore\datastore-core-okio-jvm\1.2.1\16e01a0603ce8cf206b21a304ff1ded7a9bff1da\datastore-core-okio-jvm-1.2.1.jar;C:\Users\maksi\.gradle\caches\9.2.1\transforms\21ac3e41c94e6dd65db04b6f5d8d8144\workspace\transformed\datastore-core-api.jar;C:\Users\maksi\.gradle\caches\9.2.1\transforms\bbf18fbabfb6c737ad3f36f4eced5437\workspace\transformed\datastore-preferences-core-api.jar;C:\Users\maksi\.gradle\caches\9.2.1\transforms\21af1f005d88c2442e05ea3279aba617\workspace\transformed\datastore-api.jar;C:\Users\maksi\.gradle\caches\9.2.1\transforms\c90ca86e1dee3f24e491a3c771a66699\workspace\transformed\datastore-preferences-api.jar;C:\Users\maksi\.gradle\caches\modules-2\files-2.1\com.squareup.okhttp3\logging-interceptor\4.12.0\e922c1f14d365c0f2bed140cc0825e18462c2778\logging-interceptor-4.12.0.jar;C:\Users\maksi\.gradle\caches\modules-2\files-2.1\com.squareup.retrofit2\converter-gson\2.9.0\fc93484fc67ab52b1e0ccbdaa3922d8a6678e097\converter-gson-2.9.0.jar;C:\Users\maksi\.gradle\caches\modules-2\files-2.1\com.squareup.retrofit2\retrofit\2.9.0\d8fdfbd5da952141a665a403348b74538efc05ff\retrofit-2.9.0.jar;C:\Users\maksi\.gradle\caches\modules-2\files-2.1\com.squareup.okhttp3\okhttp\4.12.0\2f4525d4a200e97e1b87449c2cd9bd2e25b7e8cd\okhttp-4.12.0.jar;C:\Users\maksi\.gradle\caches\modules-2\files-2.1\org.jetbrains.kotlin\kotlin-stdlib-jdk8\1.8.21\67f57e154437cd9e6e9cf368394b95814836ff88\kotlin-stdlib-jdk8-1.8.21.jar;C:\Users\maksi\.gradle\caches\modules-2\files-2.1\org.jetbrains.kotlinx\kotlinx-coroutines-core-jvm\1.9.0\9beade4c1c1569e4f36cbd2c37e02e3e41502601\kotlinx-coroutines-core-jvm-1.9.0.jar;C:\Users\maksi\.gradle\caches\modules-2\files-2.1\org.jetbrains.kotlinx\kotlinx-coroutines-android\1.9.0\6cf3b8df5a2ce8c6b0dffe55657a827c405ee2fe\kotlinx-coroutines-android-1.9.0.jar;C:\Users\maksi\.gradle\caches\9.2.1\transforms\feb7a1ef589c36c7dfc88bf881db1ae8\workspace\transformed\annotation-experimental-1.4.1-api.jar;C:\Users\maksi\.gradle\caches\9.2.1\transforms\967cb7c84594272e698442dde8886a6b\workspace\transformed\versionedparcelable-1.1.1-api.jar;C:\Users\maksi\.gradle\caches\modules-2\files-2.1\androidx.collection\collection-jvm\1.5.0\7ba2c69414d46ebc2dd76598bdd0a75c54281a57\collection-jvm-1.5.0.jar;C:\Users\maksi\.gradle\caches\9.2.1\transforms\d49925f1947644d2d5b7d4793bee1278\workspace\transformed\sqlite-framework-api.jar;C:\Users\maksi\.gradle\caches\9.2.1\transforms\e32e9e1af6cf3c28de5fe2d4e3b22bdc\workspace\transformed\sqlite-api.jar;C:\Users\maksi\.gradle\caches\modules-2\files-2.1\androidx.arch.core\core-common\2.2.0\5e1b8b81dfd5f52c56a8d53b18ca759c19a301f3\core-common-2.2.0.jar;C:\Users\maksi\.gradle\caches\modules-2\files-2.1\androidx.annotation\annotation-jvm\1.9.1\b17951747e38bf3986a24431b9ba0d039958aa5f\annotation-jvm-1.9.1.jar;C:\Users\maksi\.gradle\caches\modules-2\files-2.1\org.jetbrains.kotlin\kotlin-stdlib-jdk7\1.8.21\7473b8cd3c0ef9932345baf569bc398e8a717046\kotlin-stdlib-jdk7-1.8.21.jar;C:\Users\maksi\.gradle\caches\modules-2\files-2.1\com.squareup.wire\wire-runtime-jvm\5.2.1\c6591571cfc99ed593d847e7df87b61485970e23\wire-runtime-jvm-5.2.1.jar;C:\Users\maksi\.gradle\caches\modules-2\files-2.1\com.squareup.okio\okio-jvm\3.9.1\79696e3f4ff05d41ba2b3dc68adb5808a2e5dc53\okio-jvm-3.9.1.jar;C:\Users\maksi\.gradle\caches\modules-2\files-2.1\org.jetbrains.kotlin\kotlin-stdlib\2.3.10\8b80e2f80a3b7daa99c16017f91d4c72cd8b31a6\kotlin-stdlib-2.3.10.jar;C:\Users\maksi\.gradle\caches\modules-2\files-2.1\org.jetbrains\annotations\23.0.0\8cc20c07506ec18e0834947b84a864bfc094484e\annotations-23.0.0.jar;C:\Users\maksi\.gradle\caches\modules-2\files-2.1\com.google.code.gson\gson\2.8.5\f645ed69d595b24d4cf8b3fbb64cc505bede8829\gson-2.8.5.jar;C:\Users\maksi\.gradle\caches\modules-2\files-2.1\org.jspecify\jspecify\1.0.0\7425a601c1c7ec76645a78d22b8c6a627edee507\jspecify-1.0.0.jar -d D:\Programming\Kotlin\pet-care-app\app\build\intermediates\built_in_kotlinc\debug\compileDebugKotlin\classes -jdk-home D:\IDE\Android Studio\jbr -jvm-target 17 -module-name app -no-reflect -no-stdlib -Xplugin=C:\Users\maksi\.gradle\caches\modules-2\files-2.1\org.jetbrains.kotlin\kotlin-compose-compiler-plugin-embeddable\2.3.10\be0626cc87f259017a2111024f63f1d6bbf2c298\kotlin-compose-compiler-plugin-embeddable-2.3.10.jar,C:\Users\maksi\.gradle\caches\modules-2\files-2.1\org.jetbrains.kotlin\kotlin-serialization-compiler-plugin-embeddable\2.3.10\1909518218c5b1245ecd91f3113c4b8cf69c7d24\kotlin-serialization-compiler-plugin-embeddable-2.3.10.jar,C:\Users\maksi\.gradle\caches\modules-2\files-2.1\com.google.devtools.ksp\symbol-processing\2.2.10-2.0.2\d472c25d34d196bdd1865382f114a58e0bf8a61c\symbol-processing-2.2.10-2.0.2.jar,C:\Users\maksi\.gradle\caches\modules-2\files-2.1\com.google.devtools.ksp\symbol-processing-api\2.2.10-2.0.2\6a7c41da95b72d99ee1277c80951a9160db1f1a5\symbol-processing-api-2.2.10-2.0.2.jar,C:\Users\maksi\.gradle\caches\modules-2\files-2.1\org.jetbrains.kotlinx\kotlinx-serialization-core-jvm\1.6.3\6b6c17d0312ba7192893adea9d52959941d0119b\kotlinx-serialization-core-jvm-1.6.3.jar,C:\Users\maksi\.gradle\caches\modules-2\files-2.1\org.jetbrains.kotlinx\kotlinx-serialization-json-jvm\1.6.3\2241746853abf04073e3ab0dcd9e6729d363b313\kotlinx-serialization-json-jvm-1.6.3.jar,C:\Users\maksi\.gradle\caches\modules-2\files-2.1\org.jetbrains.kotlin\kotlin-stdlib\2.2.10\30de6faa127a4a012db8e71bf1b9c0a99b1402b2\kotlin-stdlib-2.2.10.jar,C:\Users\maksi\.gradle\caches\modules-2\files-2.1\org.jetbrains\annotations\13.0\919f0dfe192fb4e063e7dacadee7f8bb9a2672a9\annotations-13.0.jar -P plugin:androidx.compose.compiler.plugins.kotlin:sourceInformation=true,plugin:androidx.compose.compiler.plugins.kotlin:traceMarkersEnabled=true -Xuse-inline-scopes-numbers -Xallow-unstable-dependencies D:\Programming\Kotlin\pet-care-app\app\src\main\java\com\petcare\app\add_new_pet\AddNewPetScreen.kt D:\Programming\Kotlin\pet-care-app\app\src\main\java\com\petcare\app\api\AnimalApiResponse.kt D:\Programming\Kotlin\pet-care-app\app\src\main\java\com\petcare\app\api\ApiClient.kt D:\Programming\Kotlin\pet-care-app\app\src\main\java\com\petcare\app\api\ApiPetAddScreen.kt D:\Programming\Kotlin\pet-care-app\app\src\main\java\com\petcare\app\api\ApiPetAddViewModel.kt D:\Programming\Kotlin\pet-care-app\app\src\main\java\com\petcare\app\api\ApiPetListScreen.kt D:\Programming\Kotlin\pet-care-app\app\src\main\java\com\petcare\app\api\ApiPetListViewModel.kt D:\Programming\Kotlin\pet-care-app\app\src\main\java\com\petcare\app\api\ApiPetProfileScreen.kt D:\Programming\Kotlin\pet-care-app\app\src\main\java\com\petcare\app\api\ApiPetProfileViewModel.kt D:\Programming\Kotlin\pet-care-app\app\src\main\java\com\petcare\app\api\ApiRepository.kt D:\Programming\Kotlin\pet-care-app\app\src\main\java\com\petcare\app\api\JsonUtils.kt D:\Programming\Kotlin\pet-care-app\app\src\main\java\com\petcare\app\api\MockPetResponse.kt D:\Programming\Kotlin\pet-care-app\app\src\main\java\com\petcare\app\api\NetworkState.kt D:\Programming\Kotlin\pet-care-app\app\src\main\java\com\petcare\app\api\PetApiService.kt D:\Programming\Kotlin\pet-care-app\app\src\main\java\com\petcare\app\components\BackButton.kt D:\Programming\Kotlin\pet-care-app\app\src\main\java\com\petcare\app\components\PetButton.kt D:\Programming\Kotlin\pet-care-app\app\src\main\java\com\petcare\app\components\PetGridItem.kt D:\Programming\Kotlin\pet-care-app\app\src\main\java\com\petcare\app\components\PetHeader.kt D:\Programming\Kotlin\pet-care-app\app\src\main\java\com\petcare\app\components\PetImage.kt D:\Programming\Kotlin\pet-care-app\app\src\main\java\com\petcare\app\components\PetInfo.kt D:\Programming\Kotlin\pet-care-app\app\src\main\java\com\petcare\app\components\PetInfoItem.kt D:\Programming\Kotlin\pet-care-app\app\src\main\java\com\petcare\app\components\PetListItem.kt D:\Programming\Kotlin\pet-care-app\app\src\main\java\com\petcare\app\components\PetTextField.kt D:\Programming\Kotlin\pet-care-app\app\src\main\java\com\petcare\app\components\PetTitle.kt D:\Programming\Kotlin\pet-care-app\app\src\main\java\com\petcare\app\components\PetTypeOption.kt D:\Programming\Kotlin\pet-care-app\app\src\main\java\com\petcare\app\data\PetRepository.kt D:\Programming\Kotlin\pet-care-app\app\src\main\java\com\petcare\app\data\SettingsDataStore.kt D:\Programming\Kotlin\pet-care-app\app\src\main\java\com\petcare\app\database\PetDao.kt D:\Programming\Kotlin\pet-care-app\app\src\main\java\com\petcare\app\database\PetDatabase.kt D:\Programming\Kotlin\pet-care-app\app\src\main\java\com\petcare\app\database\PetEntity.kt D:\Programming\Kotlin\pet-care-app\app\src\main\java\com\petcare\app\database\PetMapper.kt D:\Programming\Kotlin\pet-care-app\app\src\main\java\com\petcare\app\database\PetTypeConverter.kt D:\Programming\Kotlin\pet-care-app\app\src\main\java\com\petcare\app\enter_name\EnterNameScreen.kt D:\Programming\Kotlin\pet-care-app\app\src\main\java\com\petcare\app\lab_1\Lab1.kt D:\Programming\Kotlin\pet-care-app\app\src\main\java\com\petcare\app\mainscreen\MainActivity.kt D:\Programming\Kotlin\pet-care-app\app\src\main\java\com\petcare\app\models\Cat.kt D:\Programming\Kotlin\pet-care-app\app\src\main\java\com\petcare\app\models\Dog.kt D:\Programming\Kotlin\pet-care-app\app\src\main\java\com\petcare\app\models\Parrot.kt D:\Programming\Kotlin\pet-care-app\app\src\main\java\com\petcare\app\models\Pet.kt D:\Programming\Kotlin\pet-care-app\app\src\main\java\com\petcare\app\models\PetType.kt D:\Programming\Kotlin\pet-care-app\app\src\main\java\com\petcare\app\models\Reminder.kt D:\Programming\Kotlin\pet-care-app\app\src\main\java\com\petcare\app\models\SortOrder.kt D:\Programming\Kotlin\pet-care-app\app\src\main\java\com\petcare\app\navigation\BottomNavItem.kt D:\Programming\Kotlin\pet-care-app\app\src\main\java\com\petcare\app\navigation\NavGraph.kt D:\Programming\Kotlin\pet-care-app\app\src\main\java\com\petcare\app\navigation\Screen.kt D:\Programming\Kotlin\pet-care-app\app\src\main\java\com\petcare\app\onboarding\OnBoardingScreen.kt D:\Programming\Kotlin\pet-care-app\app\src\main\java\com\petcare\app\pet_list\PetListScreen.kt D:\Programming\Kotlin\pet-care-app\app\src\main\java\com\petcare\app\pet_list\PetListViewModel.kt D:\Programming\Kotlin\pet-care-app\app\src\main\java\com\petcare\app\pet_profile\PetProfileScreen.kt D:\Programming\Kotlin\pet-care-app\app\src\main\java\com\petcare\app\pet_profile\PetProfileViewModel.kt D:\Programming\Kotlin\pet-care-app\app\src\main\java\com\petcare\app\repository\PetManager.kt D:\Programming\Kotlin\pet-care-app\app\src\main\java\com\petcare\app\ui\theme\Color.kt D:\Programming\Kotlin\pet-care-app\app\src\main\java\com\petcare\app\ui\theme\Theme.kt D:\Programming\Kotlin\pet-care-app\app\src\main\java\com\petcare\app\ui\theme\Type.kt D:\Programming\Kotlin\pet-care-app\app\src\main\java\com\petcare\app\user_profile\UserProfileScreen.kt D:\Programming\Kotlin\pet-care-app\app\src\main\java\com\petcare\app\user_profile\UserProfileViewModel.kt D:\Programming\Kotlin\pet-care-app\app\src\main\java\com\petcare\app\utils\Extensions.kt D:\Programming\Kotlin\pet-care-app\app\build\generated\ksp\debug\kotlin\com\petcare\app\database\PetDao_Impl.kt D:\Programming\Kotlin\pet-care-app\app\build\generated\ksp\debug\kotlin\com\petcare\app\database\PetDatabase_Impl.kt

Host: AMD Ryzen 5 5600H with Radeon Graphics         , 12 cores, 13G,  Windows 11 , 64 bit Build 26100 (10.0.26100.7920)
Time: Thu Apr 23 20:11:42 2026 elapsed time: 13.604551 seconds (0d 0h 0m 13s)

---------------  T H R E A D  ---------------

Current thread (0x000002267e0bf610):  JavaThread "C2 CompilerThread1" daemon [_thread_in_native, id=11692, stack(0x00000053e0700000,0x00000053e0800000) (1024K)]


Current CompileTask:
C2:13604 11269       4       org.jetbrains.kotlin.fir.resolve.calls.tower.DispatchReceiverMemberScopeTowerLevel::processMembers (604 bytes)

Stack: [0x00000053e0700000,0x00000053e0800000]
Native frames: (J=compiled Java code, j=interpreted, Vv=VM code, C=native code)
V  [jvm.dll+0x6d6c99]
V  [jvm.dll+0x866b83]
V  [jvm.dll+0x86919e]
V  [jvm.dll+0x869883]
V  [jvm.dll+0x280776]
V  [jvm.dll+0xc07cd]
V  [jvm.dll+0xc0d03]
V  [jvm.dll+0x2f5a10]
V  [jvm.dll+0x5ff9a9]
V  [jvm.dll+0x252572]
V  [jvm.dll+0x24ae1a]
V  [jvm.dll+0x24892e]
V  [jvm.dll+0x1c7344]
V  [jvm.dll+0x2581ae]
V  [jvm.dll+0x2566f6]
V  [jvm.dll+0x3f48a6]
V  [jvm.dll+0x80f118]
V  [jvm.dll+0x6d54ed]
C  [ucrtbase.dll+0x37b0]
C  [KERNEL32.DLL+0x2e8d7]
C  [ntdll.dll+0x8c48c]


---------------  P R O C E S S  ---------------

Threads class SMR info:
_java_thread_list=0x000002267d488ce0, length=13, elements={
0x000002265beb1d90, 0x000002267c0914c0, 0x000002267c0bfa70, 0x000002267c0c1040,
0x000002267c0c2610, 0x000002267c0c2c80, 0x000002267c0c36e0, 0x000002267c0abc80,
0x000002267c0d6dd0, 0x000002267c0f79b0, 0x000002267c18f540, 0x000002267e0bf610,
0x000002267e0bfcc0
}

Java Threads: ( => current thread )
  0x000002265beb1d90 JavaThread "main"                              [_thread_in_Java, id=27428, stack(0x00000053deb00000,0x00000053dec00000) (1024K)]
  0x000002267c0914c0 JavaThread "Common-Cleaner"             daemon [_thread_blocked, id=15792, stack(0x00000053df300000,0x00000053df400000) (1024K)]
  0x000002267c0bfa70 JavaThread "Reference Handler"          daemon [_thread_blocked, id=12616, stack(0x00000053df400000,0x00000053df500000) (1024K)]
  0x000002267c0c1040 JavaThread "Finalizer"                  daemon [_thread_blocked, id=13096, stack(0x00000053df500000,0x00000053df600000) (1024K)]
  0x000002267c0c2610 JavaThread "Signal Dispatcher"          daemon [_thread_blocked, id=6476, stack(0x00000053df600000,0x00000053df700000) (1024K)]
  0x000002267c0c2c80 JavaThread "Attach Listener"            daemon [_thread_blocked, id=24160, stack(0x00000053df700000,0x00000053df800000) (1024K)]
  0x000002267c0c36e0 JavaThread "Service Thread"             daemon [_thread_blocked, id=33580, stack(0x00000053df800000,0x00000053df900000) (1024K)]
  0x000002267c0abc80 JavaThread "Monitor Deflation Thread"   daemon [_thread_blocked, id=7640, stack(0x00000053df900000,0x00000053dfa00000) (1024K)]
  0x000002267c0d6dd0 JavaThread "C2 CompilerThread0"         daemon [_thread_blocked, id=28924, stack(0x00000053dfa00000,0x00000053dfb00000) (1024K)]
  0x000002267c0f79b0 JavaThread "C1 CompilerThread0"         daemon [_thread_blocked, id=9312, stack(0x00000053dfb00000,0x00000053dfc00000) (1024K)]
  0x000002267c18f540 JavaThread "Notification Thread"        daemon [_thread_blocked, id=30980, stack(0x00000053dfc00000,0x00000053dfd00000) (1024K)]
=>0x000002267e0bf610 JavaThread "C2 CompilerThread1"         daemon [_thread_in_native, id=11692, stack(0x00000053e0700000,0x00000053e0800000) (1024K)]
  0x000002267e0bfcc0 JavaThread "C2 CompilerThread2"         daemon [_thread_in_native, id=24868, stack(0x00000053e0900000,0x00000053e0a00000) (1024K)]
Total: 13

Other Threads:
  0x0000022677ac4630 VMThread "VM Thread"                           [id=23988, stack(0x00000053df200000,0x00000053df300000) (1024K)]
  0x0000022677a7a1e0 WatcherThread "VM Periodic Task Thread"        [id=23848, stack(0x00000053df100000,0x00000053df200000) (1024K)]
  0x000002265e4d0200 WorkerThread "GC Thread#0"                     [id=23636, stack(0x00000053dec00000,0x00000053ded00000) (1024K)]
  0x000002267c9fedb0 WorkerThread "GC Thread#1"                     [id=30808, stack(0x00000053dfd00000,0x00000053dfe00000) (1024K)]
  0x000002267c9ff150 WorkerThread "GC Thread#2"                     [id=28668, stack(0x00000053dfe00000,0x00000053dff00000) (1024K)]
  0x000002267c9ff4f0 WorkerThread "GC Thread#3"                     [id=15000, stack(0x00000053dff00000,0x00000053e0000000) (1024K)]
  0x000002267c9ff890 WorkerThread "GC Thread#4"                     [id=32728, stack(0x00000053e0000000,0x00000053e0100000) (1024K)]
  0x000002267ca55520 WorkerThread "GC Thread#5"                     [id=21592, stack(0x00000053e0100000,0x00000053e0200000) (1024K)]
  0x000002267cfa3b00 WorkerThread "GC Thread#6"                     [id=11340, stack(0x00000053e0200000,0x00000053e0300000) (1024K)]
  0x000002267cfa0f80 WorkerThread "GC Thread#7"                     [id=9604, stack(0x00000053e0300000,0x00000053e0400000) (1024K)]
  0x000002267cfa1e00 WorkerThread "GC Thread#8"                     [id=19188, stack(0x00000053e0400000,0x00000053e0500000) (1024K)]
  0x000002267cfa16c0 WorkerThread "GC Thread#9"                     [id=20112, stack(0x00000053e0800000,0x00000053e0900000) (1024K)]
  0x000002265e4defa0 ConcurrentGCThread "G1 Main Marker"            [id=23044, stack(0x00000053ded00000,0x00000053dee00000) (1024K)]
  0x000002265e4e08e0 WorkerThread "G1 Conc#0"                       [id=15240, stack(0x00000053dee00000,0x00000053def00000) (1024K)]
  0x000002267cfa21a0 WorkerThread "G1 Conc#1"                       [id=29080, stack(0x00000053e0500000,0x00000053e0600000) (1024K)]
  0x000002267cfa3ea0 WorkerThread "G1 Conc#2"                       [id=17308, stack(0x00000053e0600000,0x00000053e0700000) (1024K)]
  0x000002267794a210 ConcurrentGCThread "G1 Refine#0"               [id=8336, stack(0x00000053def00000,0x00000053df000000) (1024K)]
  0x000002267794c8b0 ConcurrentGCThread "G1 Service"                [id=27680, stack(0x00000053df000000,0x00000053df100000) (1024K)]
Total: 18

Threads with active compile tasks:
C2 CompilerThread1  13638 11269       4       org.jetbrains.kotlin.fir.resolve.calls.tower.DispatchReceiverMemberScopeTowerLevel::processMembers (604 bytes)
C2 CompilerThread2  13638 11254       4       org.jetbrains.kotlin.resolve.calls.inference.model.NewConstraintSystemImpl::addSubtypeConstraint (49 bytes)
Total: 2

VM state: not at safepoint (normal execution)

VM Mutex/Monitor currently owned by a thread: None

Heap address: 0x0000000722400000, size: 3548 MB, Compressed Oops mode: Zero based, Oop shift amount: 3

CDS archive(s) not mapped
Compressed class space mapped at: 0x0000000800000000-0x0000000840000000, reserved size: 1073741824
Narrow klass base: 0x0000000800000000, Narrow klass shift: 0, Narrow klass range: 0x40000000

GC Precious Log:
 CardTable entry size: 512
 Card Set container configuration: InlinePtr #cards 4 size 8 Array Of Cards #cards 16 size 48 Howl #buckets 8 coarsen threshold 3686 Howl Bitmap #cards 512 size 80 coarsen threshold 460 Card regions per heap region 1 cards per card region 4096
 CPUs: 12 total, 12 available
 Memory: 14188M
 Large Page Support: Disabled
 NUMA Support: Disabled
 Compressed Oops: Enabled (Zero based)
 Heap Region Size: 2M
 Heap Min Capacity: 8M
 Heap Initial Capacity: 222M
 Heap Max Capacity: 3548M
 Pre-touch: Disabled
 Parallel Workers: 10
 Concurrent Workers: 3
 Concurrent Refinement Workers: 10
 Periodic GC: Disabled

Heap:
 garbage-first heap   total 323584K, used 229154K [0x0000000722400000, 0x0000000800000000)
  region size 2048K, 50 young (102400K), 3 survivors (6144K)
 Metaspace       used 74021K, committed 74304K, reserved 1179648K
  class space    used 8352K, committed 8448K, reserved 1048576K

Heap Regions: E=young(eden), S=young(survivor), O=old, HS=humongous(starts), HC=humongous(continues), CS=collection set, F=free, TAMS=top-at-mark-start, PB=parsable bottom
|   0|0x0000000722400000, 0x0000000722600000, 0x0000000722600000|100%|HS|  |TAMS 0x0000000722400000| PB 0x0000000722400000| Complete 
|   1|0x0000000722600000, 0x0000000722800000, 0x0000000722800000|100%|HC|  |TAMS 0x0000000722600000| PB 0x0000000722600000| Complete 
|   2|0x0000000722800000, 0x0000000722a00000, 0x0000000722a00000|100%| O|  |TAMS 0x0000000722800000| PB 0x0000000722800000| Untracked 
|   3|0x0000000722a00000, 0x0000000722c00000, 0x0000000722c00000|100%| O|  |TAMS 0x0000000722a00000| PB 0x0000000722a00000| Untracked 
|   4|0x0000000722c00000, 0x0000000722e00000, 0x0000000722e00000|100%| O|  |TAMS 0x0000000722c00000| PB 0x0000000722c00000| Untracked 
|   5|0x0000000722e00000, 0x0000000723000000, 0x0000000723000000|100%| O|  |TAMS 0x0000000722e00000| PB 0x0000000722e00000| Untracked 
|   6|0x0000000723000000, 0x0000000723200000, 0x0000000723200000|100%| O|  |TAMS 0x0000000723000000| PB 0x0000000723000000| Untracked 
|   7|0x0000000723200000, 0x0000000723400000, 0x0000000723400000|100%| O|  |TAMS 0x0000000723200000| PB 0x0000000723200000| Untracked 
|   8|0x0000000723400000, 0x0000000723600000, 0x0000000723600000|100%| O|  |TAMS 0x0000000723400000| PB 0x0000000723400000| Untracked 
|   9|0x0000000723600000, 0x0000000723800000, 0x0000000723800000|100%| O|  |TAMS 0x0000000723600000| PB 0x0000000723600000| Untracked 
|  10|0x0000000723800000, 0x0000000723a00000, 0x0000000723a00000|100%| O|  |TAMS 0x0000000723800000| PB 0x0000000723800000| Untracked 
|  11|0x0000000723a00000, 0x0000000723c00000, 0x0000000723c00000|100%| O|  |TAMS 0x0000000723a00000| PB 0x0000000723a00000| Untracked 
|  12|0x0000000723c00000, 0x0000000723e00000, 0x0000000723e00000|100%| O|  |TAMS 0x0000000723c00000| PB 0x0000000723c00000| Untracked 
|  13|0x0000000723e00000, 0x0000000724000000, 0x0000000724000000|100%| O|  |TAMS 0x0000000723e00000| PB 0x0000000723e00000| Untracked 
|  14|0x0000000724000000, 0x0000000724200000, 0x0000000724200000|100%| O|  |TAMS 0x0000000724000000| PB 0x0000000724000000| Untracked 
|  15|0x0000000724200000, 0x0000000724400000, 0x0000000724400000|100%| O|  |TAMS 0x0000000724200000| PB 0x0000000724200000| Untracked 
|  16|0x0000000724400000, 0x0000000724600000, 0x0000000724600000|100%| O|  |TAMS 0x0000000724400000| PB 0x0000000724400000| Untracked 
|  17|0x0000000724600000, 0x0000000724800000, 0x0000000724800000|100%| O|  |TAMS 0x0000000724600000| PB 0x0000000724600000| Untracked 
|  18|0x0000000724800000, 0x0000000724a00000, 0x0000000724a00000|100%| O|  |TAMS 0x0000000724800000| PB 0x0000000724800000| Untracked 
|  19|0x0000000724a00000, 0x0000000724c00000, 0x0000000724c00000|100%| O|  |TAMS 0x0000000724a00000| PB 0x0000000724a00000| Untracked 
|  20|0x0000000724c00000, 0x0000000724e00000, 0x0000000724e00000|100%| O|  |TAMS 0x0000000724c00000| PB 0x0000000724c00000| Untracked 
|  21|0x0000000724e00000, 0x0000000725000000, 0x0000000725000000|100%| O|  |TAMS 0x0000000724e00000| PB 0x0000000724e00000| Untracked 
|  22|0x0000000725000000, 0x0000000725200000, 0x0000000725200000|100%| O|  |TAMS 0x0000000725000000| PB 0x0000000725000000| Untracked 
|  23|0x0000000725200000, 0x0000000725400000, 0x0000000725400000|100%| O|  |TAMS 0x0000000725200000| PB 0x0000000725200000| Untracked 
|  24|0x0000000725400000, 0x0000000725600000, 0x0000000725600000|100%| O|  |TAMS 0x0000000725400000| PB 0x0000000725400000| Untracked 
|  25|0x0000000725600000, 0x0000000725800000, 0x0000000725800000|100%| O|  |TAMS 0x0000000725600000| PB 0x0000000725600000| Untracked 
|  26|0x0000000725800000, 0x0000000725800000, 0x0000000725a00000|  0%| F|  |TAMS 0x0000000725800000| PB 0x0000000725800000| Untracked 
|  27|0x0000000725a00000, 0x0000000725c00000, 0x0000000725c00000|100%| O|  |TAMS 0x0000000725a00000| PB 0x0000000725a00000| Untracked 
|  28|0x0000000725c00000, 0x0000000725e00000, 0x0000000725e00000|100%| O|  |TAMS 0x0000000725c00000| PB 0x0000000725c00000| Untracked 
|  29|0x0000000725e00000, 0x0000000726000000, 0x0000000726000000|100%| O|  |TAMS 0x0000000725e00000| PB 0x0000000725e00000| Untracked 
|  30|0x0000000726000000, 0x0000000726200000, 0x0000000726200000|100%| O|  |TAMS 0x0000000726000000| PB 0x0000000726000000| Untracked 
|  31|0x0000000726200000, 0x0000000726400000, 0x0000000726400000|100%| O|  |TAMS 0x0000000726200000| PB 0x0000000726200000| Untracked 
|  32|0x0000000726400000, 0x0000000726600000, 0x0000000726600000|100%| O|  |TAMS 0x0000000726400000| PB 0x0000000726400000| Untracked 
|  33|0x0000000726600000, 0x0000000726800000, 0x0000000726800000|100%| O|  |TAMS 0x0000000726600000| PB 0x0000000726600000| Untracked 
|  34|0x0000000726800000, 0x0000000726a00000, 0x0000000726a00000|100%| O|  |TAMS 0x0000000726800000| PB 0x0000000726800000| Untracked 
|  35|0x0000000726a00000, 0x0000000726c00000, 0x0000000726c00000|100%| O|  |TAMS 0x0000000726a00000| PB 0x0000000726a00000| Untracked 
|  36|0x0000000726c00000, 0x0000000726e00000, 0x0000000726e00000|100%| O|  |TAMS 0x0000000726c00000| PB 0x0000000726c00000| Untracked 
|  37|0x0000000726e00000, 0x0000000727000000, 0x0000000727000000|100%| O|  |TAMS 0x0000000726e00000| PB 0x0000000726e00000| Untracked 
|  38|0x0000000727000000, 0x0000000727200000, 0x0000000727200000|100%| O|  |TAMS 0x0000000727000000| PB 0x0000000727000000| Untracked 
|  39|0x0000000727200000, 0x0000000727400000, 0x0000000727400000|100%| O|  |TAMS 0x0000000727200000| PB 0x0000000727200000| Untracked 
|  40|0x0000000727400000, 0x0000000727600000, 0x0000000727600000|100%| O|  |TAMS 0x0000000727400000| PB 0x0000000727400000| Untracked 
|  41|0x0000000727600000, 0x0000000727800000, 0x0000000727800000|100%| O|  |TAMS 0x0000000727600000| PB 0x0000000727600000| Untracked 
|  42|0x0000000727800000, 0x0000000727a00000, 0x0000000727a00000|100%| O|  |TAMS 0x0000000727800000| PB 0x0000000727800000| Untracked 
|  43|0x0000000727a00000, 0x0000000727c00000, 0x0000000727c00000|100%| O|  |TAMS 0x0000000727a00000| PB 0x0000000727a00000| Untracked 
|  44|0x0000000727c00000, 0x0000000727e00000, 0x0000000727e00000|100%| O|  |TAMS 0x0000000727c00000| PB 0x0000000727c00000| Untracked 
|  45|0x0000000727e00000, 0x0000000728000000, 0x0000000728000000|100%| O|  |TAMS 0x0000000727e00000| PB 0x0000000727e00000| Untracked 
|  46|0x0000000728000000, 0x0000000728200000, 0x0000000728200000|100%| O|  |TAMS 0x0000000728000000| PB 0x0000000728000000| Untracked 
|  47|0x0000000728200000, 0x0000000728400000, 0x0000000728400000|100%| O|  |TAMS 0x0000000728200000| PB 0x0000000728200000| Untracked 
|  48|0x0000000728400000, 0x0000000728600000, 0x0000000728600000|100%| O|  |TAMS 0x0000000728400000| PB 0x0000000728400000| Untracked 
|  49|0x0000000728600000, 0x0000000728800000, 0x0000000728800000|100%| O|  |TAMS 0x0000000728600000| PB 0x0000000728600000| Untracked 
|  50|0x0000000728800000, 0x0000000728a00000, 0x0000000728a00000|100%| O|  |TAMS 0x0000000728800000| PB 0x0000000728800000| Untracked 
|  51|0x0000000728a00000, 0x0000000728c00000, 0x0000000728c00000|100%| O|  |TAMS 0x0000000728a00000| PB 0x0000000728a00000| Untracked 
|  52|0x0000000728c00000, 0x0000000728e00000, 0x0000000728e00000|100%| O|  |TAMS 0x0000000728c00000| PB 0x0000000728c00000| Untracked 
|  53|0x0000000728e00000, 0x0000000729000000, 0x0000000729000000|100%| O|  |TAMS 0x0000000728e00000| PB 0x0000000728e00000| Untracked 
|  54|0x0000000729000000, 0x0000000729200000, 0x0000000729200000|100%| O|  |TAMS 0x0000000729000000| PB 0x0000000729000000| Untracked 
|  55|0x0000000729200000, 0x0000000729400000, 0x0000000729400000|100%| O|  |TAMS 0x0000000729200000| PB 0x0000000729200000| Untracked 
|  56|0x0000000729400000, 0x0000000729600000, 0x0000000729600000|100%| O|  |TAMS 0x0000000729400000| PB 0x0000000729400000| Untracked 
|  57|0x0000000729600000, 0x0000000729800000, 0x0000000729800000|100%| O|  |TAMS 0x0000000729600000| PB 0x0000000729600000| Untracked 
|  58|0x0000000729800000, 0x0000000729a00000, 0x0000000729a00000|100%| O|  |TAMS 0x0000000729800000| PB 0x0000000729800000| Untracked 
|  59|0x0000000729a00000, 0x0000000729c00000, 0x0000000729c00000|100%| O|  |TAMS 0x0000000729a00000| PB 0x0000000729a00000| Untracked 
|  60|0x0000000729c00000, 0x0000000729e00000, 0x0000000729e00000|100%| O|  |TAMS 0x0000000729c00000| PB 0x0000000729c00000| Untracked 
|  61|0x0000000729e00000, 0x000000072a000000, 0x000000072a000000|100%| O|  |TAMS 0x0000000729e00000| PB 0x0000000729e00000| Untracked 
|  62|0x000000072a000000, 0x000000072a200000, 0x000000072a200000|100%| O|  |TAMS 0x000000072a000000| PB 0x000000072a000000| Untracked 
|  63|0x000000072a200000, 0x000000072a3f15a0, 0x000000072a400000| 97%| O|  |TAMS 0x000000072a200000| PB 0x000000072a200000| Untracked 
|  64|0x000000072a400000, 0x000000072a400000, 0x000000072a600000|  0%| F|  |TAMS 0x000000072a400000| PB 0x000000072a400000| Untracked 
|  65|0x000000072a600000, 0x000000072a600000, 0x000000072a800000|  0%| F|  |TAMS 0x000000072a600000| PB 0x000000072a600000| Untracked 
|  66|0x000000072a800000, 0x000000072a800000, 0x000000072aa00000|  0%| F|  |TAMS 0x000000072a800000| PB 0x000000072a800000| Untracked 
|  67|0x000000072aa00000, 0x000000072aa00000, 0x000000072ac00000|  0%| F|  |TAMS 0x000000072aa00000| PB 0x000000072aa00000| Untracked 
|  68|0x000000072ac00000, 0x000000072ac00000, 0x000000072ae00000|  0%| F|  |TAMS 0x000000072ac00000| PB 0x000000072ac00000| Untracked 
|  69|0x000000072ae00000, 0x000000072ae00000, 0x000000072b000000|  0%| F|  |TAMS 0x000000072ae00000| PB 0x000000072ae00000| Untracked 
|  70|0x000000072b000000, 0x000000072b000000, 0x000000072b200000|  0%| F|  |TAMS 0x000000072b000000| PB 0x000000072b000000| Untracked 
|  71|0x000000072b200000, 0x000000072b200000, 0x000000072b400000|  0%| F|  |TAMS 0x000000072b200000| PB 0x000000072b200000| Untracked 
|  72|0x000000072b400000, 0x000000072b400000, 0x000000072b600000|  0%| F|  |TAMS 0x000000072b400000| PB 0x000000072b400000| Untracked 
|  73|0x000000072b600000, 0x000000072b7d7500, 0x000000072b800000| 92%| S|CS|TAMS 0x000000072b600000| PB 0x000000072b600000| Complete 
|  74|0x000000072b800000, 0x000000072ba00000, 0x000000072ba00000|100%| S|CS|TAMS 0x000000072b800000| PB 0x000000072b800000| Complete 
|  75|0x000000072ba00000, 0x000000072bc00000, 0x000000072bc00000|100%| S|CS|TAMS 0x000000072ba00000| PB 0x000000072ba00000| Complete 
|  76|0x000000072bc00000, 0x000000072bc00000, 0x000000072be00000|  0%| F|  |TAMS 0x000000072bc00000| PB 0x000000072bc00000| Untracked 
|  77|0x000000072be00000, 0x000000072be00000, 0x000000072c000000|  0%| F|  |TAMS 0x000000072be00000| PB 0x000000072be00000| Untracked 
|  78|0x000000072c000000, 0x000000072c000000, 0x000000072c200000|  0%| F|  |TAMS 0x000000072c000000| PB 0x000000072c000000| Untracked 
|  79|0x000000072c200000, 0x000000072c200000, 0x000000072c400000|  0%| F|  |TAMS 0x000000072c200000| PB 0x000000072c200000| Untracked 
|  80|0x000000072c400000, 0x000000072c400000, 0x000000072c600000|  0%| F|  |TAMS 0x000000072c400000| PB 0x000000072c400000| Untracked 
|  81|0x000000072c600000, 0x000000072c600000, 0x000000072c800000|  0%| F|  |TAMS 0x000000072c600000| PB 0x000000072c600000| Untracked 
|  82|0x000000072c800000, 0x000000072c800000, 0x000000072ca00000|  0%| F|  |TAMS 0x000000072c800000| PB 0x000000072c800000| Untracked 
|  83|0x000000072ca00000, 0x000000072ca00000, 0x000000072cc00000|  0%| F|  |TAMS 0x000000072ca00000| PB 0x000000072ca00000| Untracked 
|  84|0x000000072cc00000, 0x000000072cc00000, 0x000000072ce00000|  0%| F|  |TAMS 0x000000072cc00000| PB 0x000000072cc00000| Untracked 
|  85|0x000000072ce00000, 0x000000072ce00000, 0x000000072d000000|  0%| F|  |TAMS 0x000000072ce00000| PB 0x000000072ce00000| Untracked 
|  86|0x000000072d000000, 0x000000072d000000, 0x000000072d200000|  0%| F|  |TAMS 0x000000072d000000| PB 0x000000072d000000| Untracked 
|  87|0x000000072d200000, 0x000000072d200000, 0x000000072d400000|  0%| F|  |TAMS 0x000000072d200000| PB 0x000000072d200000| Untracked 
|  88|0x000000072d400000, 0x000000072d400000, 0x000000072d600000|  0%| F|  |TAMS 0x000000072d400000| PB 0x000000072d400000| Untracked 
|  89|0x000000072d600000, 0x000000072d600000, 0x000000072d800000|  0%| F|  |TAMS 0x000000072d600000| PB 0x000000072d600000| Untracked 
|  90|0x000000072d800000, 0x000000072d800000, 0x000000072da00000|  0%| F|  |TAMS 0x000000072d800000| PB 0x000000072d800000| Untracked 
|  91|0x000000072da00000, 0x000000072da00000, 0x000000072dc00000|  0%| F|  |TAMS 0x000000072da00000| PB 0x000000072da00000| Untracked 
|  92|0x000000072dc00000, 0x000000072dc00000, 0x000000072de00000|  0%| F|  |TAMS 0x000000072dc00000| PB 0x000000072dc00000| Untracked 
|  93|0x000000072de00000, 0x000000072de00000, 0x000000072e000000|  0%| F|  |TAMS 0x000000072de00000| PB 0x000000072de00000| Untracked 
|  94|0x000000072e000000, 0x000000072e000000, 0x000000072e200000|  0%| F|  |TAMS 0x000000072e000000| PB 0x000000072e000000| Untracked 
|  95|0x000000072e200000, 0x000000072e200000, 0x000000072e400000|  0%| F|  |TAMS 0x000000072e200000| PB 0x000000072e200000| Untracked 
|  96|0x000000072e400000, 0x000000072e400000, 0x000000072e600000|  0%| F|  |TAMS 0x000000072e400000| PB 0x000000072e400000| Untracked 
|  97|0x000000072e600000, 0x000000072e600000, 0x000000072e800000|  0%| F|  |TAMS 0x000000072e600000| PB 0x000000072e600000| Untracked 
|  98|0x000000072e800000, 0x000000072e800000, 0x000000072ea00000|  0%| F|  |TAMS 0x000000072e800000| PB 0x000000072e800000| Untracked 
|  99|0x000000072ea00000, 0x000000072ea00000, 0x000000072ec00000|  0%| F|  |TAMS 0x000000072ea00000| PB 0x000000072ea00000| Untracked 
| 100|0x000000072ec00000, 0x000000072ec00000, 0x000000072ee00000|  0%| F|  |TAMS 0x000000072ec00000| PB 0x000000072ec00000| Untracked 
| 101|0x000000072ee00000, 0x000000072ee00000, 0x000000072f000000|  0%| F|  |TAMS 0x000000072ee00000| PB 0x000000072ee00000| Untracked 
| 102|0x000000072f000000, 0x000000072f000000, 0x000000072f200000|  0%| F|  |TAMS 0x000000072f000000| PB 0x000000072f000000| Untracked 
| 103|0x000000072f200000, 0x000000072f200000, 0x000000072f400000|  0%| F|  |TAMS 0x000000072f200000| PB 0x000000072f200000| Untracked 
| 104|0x000000072f400000, 0x000000072f400000, 0x000000072f600000|  0%| F|  |TAMS 0x000000072f400000| PB 0x000000072f400000| Untracked 
| 105|0x000000072f600000, 0x000000072f600000, 0x000000072f800000|  0%| F|  |TAMS 0x000000072f600000| PB 0x000000072f600000| Untracked 
| 106|0x000000072f800000, 0x000000072f800000, 0x000000072fa00000|  0%| F|  |TAMS 0x000000072f800000| PB 0x000000072f800000| Untracked 
| 107|0x000000072fa00000, 0x000000072fa00000, 0x000000072fc00000|  0%| F|  |TAMS 0x000000072fa00000| PB 0x000000072fa00000| Untracked 
| 108|0x000000072fc00000, 0x000000072fc00000, 0x000000072fe00000|  0%| F|  |TAMS 0x000000072fc00000| PB 0x000000072fc00000| Untracked 
| 109|0x000000072fe00000, 0x000000072fe00000, 0x0000000730000000|  0%| F|  |TAMS 0x000000072fe00000| PB 0x000000072fe00000| Untracked 
| 110|0x0000000730000000, 0x0000000730000000, 0x0000000730200000|  0%| F|  |TAMS 0x0000000730000000| PB 0x0000000730000000| Untracked 
| 111|0x0000000730200000, 0x00000007302db248, 0x0000000730400000| 42%| E|  |TAMS 0x0000000730200000| PB 0x0000000730200000| Complete 
| 112|0x0000000730400000, 0x0000000730600000, 0x0000000730600000|100%| E|CS|TAMS 0x0000000730400000| PB 0x0000000730400000| Complete 
| 113|0x0000000730600000, 0x0000000730800000, 0x0000000730800000|100%| E|CS|TAMS 0x0000000730600000| PB 0x0000000730600000| Complete 
| 114|0x0000000730800000, 0x0000000730a00000, 0x0000000730a00000|100%| E|CS|TAMS 0x0000000730800000| PB 0x0000000730800000| Complete 
| 115|0x0000000730a00000, 0x0000000730c00000, 0x0000000730c00000|100%| E|CS|TAMS 0x0000000730a00000| PB 0x0000000730a00000| Complete 
| 116|0x0000000730c00000, 0x0000000730e00000, 0x0000000730e00000|100%| E|CS|TAMS 0x0000000730c00000| PB 0x0000000730c00000| Complete 
| 117|0x0000000730e00000, 0x0000000731000000, 0x0000000731000000|100%| E|CS|TAMS 0x0000000730e00000| PB 0x0000000730e00000| Complete 
| 118|0x0000000731000000, 0x0000000731200000, 0x0000000731200000|100%| E|CS|TAMS 0x0000000731000000| PB 0x0000000731000000| Complete 
| 119|0x0000000731200000, 0x0000000731400000, 0x0000000731400000|100%| E|CS|TAMS 0x0000000731200000| PB 0x0000000731200000| Complete 
| 120|0x0000000731400000, 0x0000000731600000, 0x0000000731600000|100%| E|CS|TAMS 0x0000000731400000| PB 0x0000000731400000| Complete 
| 121|0x0000000731600000, 0x0000000731800000, 0x0000000731800000|100%| E|CS|TAMS 0x0000000731600000| PB 0x0000000731600000| Complete 
| 122|0x0000000731800000, 0x0000000731a00000, 0x0000000731a00000|100%| E|CS|TAMS 0x0000000731800000| PB 0x0000000731800000| Complete 
| 123|0x0000000731a00000, 0x0000000731c00000, 0x0000000731c00000|100%| E|CS|TAMS 0x0000000731a00000| PB 0x0000000731a00000| Complete 
| 124|0x0000000731c00000, 0x0000000731e00000, 0x0000000731e00000|100%| E|CS|TAMS 0x0000000731c00000| PB 0x0000000731c00000| Complete 
| 125|0x0000000731e00000, 0x0000000732000000, 0x0000000732000000|100%| E|CS|TAMS 0x0000000731e00000| PB 0x0000000731e00000| Complete 
| 126|0x0000000732000000, 0x0000000732200000, 0x0000000732200000|100%| E|CS|TAMS 0x0000000732000000| PB 0x0000000732000000| Complete 
| 127|0x0000000732200000, 0x0000000732400000, 0x0000000732400000|100%| E|CS|TAMS 0x0000000732200000| PB 0x0000000732200000| Complete 
| 128|0x0000000732400000, 0x0000000732600000, 0x0000000732600000|100%| E|CS|TAMS 0x0000000732400000| PB 0x0000000732400000| Complete 
| 129|0x0000000732600000, 0x0000000732800000, 0x0000000732800000|100%| E|CS|TAMS 0x0000000732600000| PB 0x0000000732600000| Complete 
| 130|0x0000000732800000, 0x0000000732a00000, 0x0000000732a00000|100%| E|CS|TAMS 0x0000000732800000| PB 0x0000000732800000| Complete 
| 131|0x0000000732a00000, 0x0000000732c00000, 0x0000000732c00000|100%| E|CS|TAMS 0x0000000732a00000| PB 0x0000000732a00000| Complete 
| 132|0x0000000732c00000, 0x0000000732e00000, 0x0000000732e00000|100%| E|CS|TAMS 0x0000000732c00000| PB 0x0000000732c00000| Complete 
| 133|0x0000000732e00000, 0x0000000733000000, 0x0000000733000000|100%| E|CS|TAMS 0x0000000732e00000| PB 0x0000000732e00000| Complete 
| 134|0x0000000733000000, 0x0000000733200000, 0x0000000733200000|100%| E|CS|TAMS 0x0000000733000000| PB 0x0000000733000000| Complete 
| 135|0x0000000733200000, 0x0000000733400000, 0x0000000733400000|100%| E|CS|TAMS 0x0000000733200000| PB 0x0000000733200000| Complete 
| 136|0x0000000733400000, 0x0000000733600000, 0x0000000733600000|100%| E|CS|TAMS 0x0000000733400000| PB 0x0000000733400000| Complete 
| 137|0x0000000733600000, 0x0000000733800000, 0x0000000733800000|100%| E|CS|TAMS 0x0000000733600000| PB 0x0000000733600000| Complete 
| 138|0x0000000733800000, 0x0000000733a00000, 0x0000000733a00000|100%| E|CS|TAMS 0x0000000733800000| PB 0x0000000733800000| Complete 
| 139|0x0000000733a00000, 0x0000000733c00000, 0x0000000733c00000|100%| E|CS|TAMS 0x0000000733a00000| PB 0x0000000733a00000| Complete 
| 140|0x0000000733c00000, 0x0000000733e00000, 0x0000000733e00000|100%| E|CS|TAMS 0x0000000733c00000| PB 0x0000000733c00000| Complete 
| 141|0x0000000733e00000, 0x0000000734000000, 0x0000000734000000|100%| E|CS|TAMS 0x0000000733e00000| PB 0x0000000733e00000| Complete 
| 142|0x0000000734000000, 0x0000000734200000, 0x0000000734200000|100%| E|CS|TAMS 0x0000000734000000| PB 0x0000000734000000| Complete 
| 143|0x0000000734200000, 0x0000000734400000, 0x0000000734400000|100%| E|CS|TAMS 0x0000000734200000| PB 0x0000000734200000| Complete 
| 144|0x0000000734400000, 0x0000000734600000, 0x0000000734600000|100%| E|CS|TAMS 0x0000000734400000| PB 0x0000000734400000| Complete 
| 145|0x0000000734600000, 0x0000000734800000, 0x0000000734800000|100%| E|CS|TAMS 0x0000000734600000| PB 0x0000000734600000| Complete 
| 146|0x0000000734800000, 0x0000000734a00000, 0x0000000734a00000|100%| E|CS|TAMS 0x0000000734800000| PB 0x0000000734800000| Complete 
| 147|0x0000000734a00000, 0x0000000734c00000, 0x0000000734c00000|100%| E|CS|TAMS 0x0000000734a00000| PB 0x0000000734a00000| Complete 
| 148|0x0000000734c00000, 0x0000000734e00000, 0x0000000734e00000|100%| E|CS|TAMS 0x0000000734c00000| PB 0x0000000734c00000| Complete 
| 149|0x0000000734e00000, 0x0000000735000000, 0x0000000735000000|100%| E|CS|TAMS 0x0000000734e00000| PB 0x0000000734e00000| Complete 
| 150|0x0000000735000000, 0x0000000735200000, 0x0000000735200000|100%| E|CS|TAMS 0x0000000735000000| PB 0x0000000735000000| Complete 
| 151|0x0000000735200000, 0x0000000735400000, 0x0000000735400000|100%| E|CS|TAMS 0x0000000735200000| PB 0x0000000735200000| Complete 
| 152|0x0000000735400000, 0x0000000735600000, 0x0000000735600000|100%| E|CS|TAMS 0x0000000735400000| PB 0x0000000735400000| Complete 
| 153|0x0000000735600000, 0x0000000735800000, 0x0000000735800000|100%| E|CS|TAMS 0x0000000735600000| PB 0x0000000735600000| Complete 
| 154|0x0000000735800000, 0x0000000735a00000, 0x0000000735a00000|100%| E|CS|TAMS 0x0000000735800000| PB 0x0000000735800000| Complete 
| 155|0x0000000735a00000, 0x0000000735c00000, 0x0000000735c00000|100%| E|CS|TAMS 0x0000000735a00000| PB 0x0000000735a00000| Complete 
| 156|0x0000000735c00000, 0x0000000735e00000, 0x0000000735e00000|100%| E|CS|TAMS 0x0000000735c00000| PB 0x0000000735c00000| Complete 
|1773|0x00000007ffe00000, 0x0000000800000000, 0x0000000800000000|100%| E|CS|TAMS 0x00000007ffe00000| PB 0x00000007ffe00000| Complete 

Card table byte_map: [0x00000226710e0000,0x00000226717d0000] _byte_map_base: 0x000002266d7ce000

Marking Bits: (CMBitMap*) 0x000002265e4d0900
 Bits: [0x00000226717d0000, 0x0000022674f40000)

Polling page: 0x000002265c190000

Metaspace:

Usage:
  Non-class:     64.14 MB used.
      Class:      8.16 MB used.
       Both:     72.30 MB used.

Virtual space:
  Non-class space:      128.00 MB reserved,      64.31 MB ( 50%) committed,  2 nodes.
      Class space:        1.00 GB reserved,       8.25 MB ( <1%) committed,  1 nodes.
             Both:        1.12 GB reserved,      72.56 MB (  6%) committed. 

Chunk freelists:
   Non-Class:  15.62 MB
       Class:  7.57 MB
        Both:  23.19 MB

MaxMetaspaceSize: unlimited
CompressedClassSpaceSize: 1.00 GB
Initial GC threshold: 21.00 MB
Current GC threshold: 116.56 MB
CDS: off
 - commit_granule_bytes: 65536.
 - commit_granule_words: 8192.
 - virtual_space_node_default_size: 8388608.
 - enlarge_chunks_in_place: 1.
 - use_allocation_guard: 0.


Internal statistics:

num_allocs_failed_limit: 12.
num_arena_births: 338.
num_arena_deaths: 0.
num_vsnodes_births: 3.
num_vsnodes_deaths: 0.
num_space_committed: 1160.
num_space_uncommitted: 0.
num_chunks_returned_to_freelist: 12.
num_chunks_taken_from_freelist: 2583.
num_chunk_merges: 12.
num_chunk_splits: 2172.
num_chunks_enlarged: 1962.
num_inconsistent_stats: 0.

CodeHeap 'non-profiled nmethods': size=120000Kb used=7136Kb max_used=7136Kb free=112864Kb
 bounds [0x0000022669080000, 0x0000022669780000, 0x00000226705b0000]
CodeHeap 'profiled nmethods': size=120000Kb used=34700Kb max_used=34700Kb free=85299Kb
 bounds [0x00000226615b0000, 0x00000226637a0000, 0x0000022668ae0000]
CodeHeap 'non-nmethods': size=5760Kb used=1582Kb max_used=1633Kb free=4178Kb
 bounds [0x0000022668ae0000, 0x0000022668d50000, 0x0000022669080000]
CodeCache: size=245760Kb, used=43418Kb, max_used=43469Kb, free=202341Kb
 total_blobs=10638, nmethods=9908, adapters=631, full_count=0
Compilation: enabled, stopped_count=0, restarted_count=0

Compilation events (20 events):
Event: 12.560 Thread 0x000002267c0f79b0 nmethod 11314 0x0000022669775790 code [0x0000022669775920, 0x00000226697759f0]
Event: 12.571 Thread 0x000002267c0d6dd0 nmethod 11309 0x0000022669775a90 code [0x0000022669775cc0, 0x0000022669776828]
Event: 12.574 Thread 0x000002267c0f79b0 11315       3       org.jetbrains.kotlin.fir.visitors.FirVisitor::visitUserTypeRef (17 bytes)
Event: 12.575 Thread 0x000002267c0f79b0 nmethod 11315 0x0000022663789590 code [0x00000226637897c0, 0x0000022663789e68]
Event: 12.578 Thread 0x000002267c0f79b0 11316       3       java.lang.invoke.LambdaFormEditor$TransformKey::bval (26 bytes)
Event: 12.579 Thread 0x000002267c0f79b0 nmethod 11316 0x00000226616b9e10 code [0x00000226616b9fa0, 0x00000226616ba0a8]
Event: 12.579 Thread 0x000002267c0f79b0 11317       3       java.lang.invoke.LambdaFormEditor$TransformKey::packedBytes (30 bytes)
Event: 12.579 Thread 0x000002267c0f79b0 nmethod 11317 0x00000226616f1390 code [0x00000226616f1520, 0x00000226616f1628]
Event: 12.580 Thread 0x000002267c0f79b0 11319       3       java.lang.invoke.LambdaFormEditor::getInCache (165 bytes)
Event: 12.581 Thread 0x000002267c0f79b0 nmethod 11319 0x000002266378a110 code [0x000002266378a3a0, 0x000002266378b218]
Event: 12.581 Thread 0x000002267c0f79b0 11320       3       java.lang.invoke.LambdaFormEditor$TransformKey::of (49 bytes)
Event: 12.581 Thread 0x000002267c0f79b0 nmethod 11320 0x000002266378b590 code [0x000002266378b7a0, 0x000002266378bcf0]
Event: 12.582 Thread 0x000002267c0f79b0 11321       1       org.jetbrains.kotlin.fir.analysis.checkers.context.MutableCheckerContext::getContainingElements (5 bytes)
Event: 12.582 Thread 0x000002267c0f79b0 nmethod 11321 0x0000022669777410 code [0x00000226697775a0, 0x0000022669777670]
Event: 12.582 Thread 0x000002267c0f79b0 11322       3       org.jetbrains.kotlin.fir.declarations.FirAnnotationUtilsKt::getAnnotationByClassId (32 bytes)
Event: 12.583 Thread 0x000002267c0f79b0 nmethod 11322 0x000002266378bf10 code [0x000002266378c2e0, 0x000002266378d928]
Event: 12.583 Thread 0x000002267c0f79b0 11323       3       org.jetbrains.kotlin.fir.declarations.FirAnnotationUtilsKt::getAnnotationsByClassId (113 bytes)
Event: 12.584 Thread 0x000002267c0f79b0 nmethod 11323 0x000002266378e090 code [0x000002266378e480, 0x000002266378ff60]
Event: 12.590 Thread 0x000002267c0f79b0 11324       3       org.jetbrains.kotlin.fir.types.FirUserTypeRef::accept (13 bytes)
Event: 12.590 Thread 0x000002267c0f79b0 nmethod 11324 0x0000022663790910 code [0x0000022663790b40, 0x00000226637911e8]

GC Heap History (20 events):
Event: 5.328 GC heap before
{Heap before GC invocations=10 (full 0):
 garbage-first heap   total 137216K, used 99815K [0x0000000722400000, 0x0000000800000000)
  region size 2048K, 36 young (73728K), 5 survivors (10240K)
 Metaspace       used 57128K, committed 57408K, reserved 1114112K
  class space    used 6674K, committed 6784K, reserved 1048576K
}
Event: 5.352 GC heap after
{Heap after GC invocations=11 (full 0):
 garbage-first heap   total 137216K, used 52063K [0x0000000722400000, 0x0000000800000000)
  region size 2048K, 5 young (10240K), 5 survivors (10240K)
 Metaspace       used 57128K, committed 57408K, reserved 1114112K
  class space    used 6674K, committed 6784K, reserved 1048576K
}
Event: 5.943 GC heap before
{Heap before GC invocations=11 (full 0):
 garbage-first heap   total 137216K, used 99167K [0x0000000722400000, 0x0000000800000000)
  region size 2048K, 29 young (59392K), 5 survivors (10240K)
 Metaspace       used 60125K, committed 60416K, reserved 1114112K
  class space    used 6976K, committed 7104K, reserved 1048576K
}
Event: 5.958 GC heap after
{Heap after GC invocations=12 (full 0):
 garbage-first heap   total 137216K, used 63616K [0x0000000722400000, 0x0000000800000000)
  region size 2048K, 4 young (8192K), 4 survivors (8192K)
 Metaspace       used 60125K, committed 60416K, reserved 1114112K
  class space    used 6976K, committed 7104K, reserved 1048576K
}
Event: 6.652 GC heap before
{Heap before GC invocations=13 (full 0):
 garbage-first heap   total 137216K, used 108672K [0x0000000722400000, 0x0000000800000000)
  region size 2048K, 26 young (53248K), 4 survivors (8192K)
 Metaspace       used 65355K, committed 65664K, reserved 1114112K
  class space    used 7635K, committed 7744K, reserved 1048576K
}
Event: 6.664 GC heap after
{Heap after GC invocations=14 (full 0):
 garbage-first heap   total 137216K, used 75776K [0x0000000722400000, 0x0000000800000000)
  region size 2048K, 4 young (8192K), 4 survivors (8192K)
 Metaspace       used 65355K, committed 65664K, reserved 1114112K
  class space    used 7635K, committed 7744K, reserved 1048576K
}
Event: 7.338 GC heap before
{Heap before GC invocations=14 (full 0):
 garbage-first heap   total 137216K, used 112640K [0x0000000722400000, 0x0000000800000000)
  region size 2048K, 22 young (45056K), 4 survivors (8192K)
 Metaspace       used 68774K, committed 69056K, reserved 1114112K
  class space    used 7961K, committed 8064K, reserved 1048576K
}
Event: 7.348 GC heap after
{Heap after GC invocations=15 (full 0):
 garbage-first heap   total 165888K, used 82068K [0x0000000722400000, 0x0000000800000000)
  region size 2048K, 3 young (6144K), 3 survivors (6144K)
 Metaspace       used 68774K, committed 69056K, reserved 1114112K
  class space    used 7961K, committed 8064K, reserved 1048576K
}
Event: 8.089 GC heap before
{Heap before GC invocations=15 (full 0):
 garbage-first heap   total 165888K, used 135316K [0x0000000722400000, 0x0000000800000000)
  region size 2048K, 29 young (59392K), 3 survivors (6144K)
 Metaspace       used 70707K, committed 71040K, reserved 1114112K
  class space    used 8133K, committed 8256K, reserved 1048576K
}
Event: 8.102 GC heap after
{Heap after GC invocations=16 (full 0):
 garbage-first heap   total 165888K, used 90112K [0x0000000722400000, 0x0000000800000000)
  region size 2048K, 4 young (8192K), 4 survivors (8192K)
 Metaspace       used 70707K, committed 71040K, reserved 1114112K
  class space    used 8133K, committed 8256K, reserved 1048576K
}
Event: 8.674 GC heap before
{Heap before GC invocations=17 (full 0):
 garbage-first heap   total 165888K, used 139264K [0x0000000722400000, 0x0000000800000000)
  region size 2048K, 28 young (57344K), 4 survivors (8192K)
 Metaspace       used 71304K, committed 71552K, reserved 1114112K
  class space    used 8167K, committed 8256K, reserved 1048576K
}
Event: 8.688 GC heap after
{Heap after GC invocations=18 (full 0):
 garbage-first heap   total 165888K, used 98304K [0x0000000722400000, 0x0000000800000000)
  region size 2048K, 4 young (8192K), 4 survivors (8192K)
 Metaspace       used 71304K, committed 71552K, reserved 1114112K
  class space    used 8167K, committed 8256K, reserved 1048576K
}
Event: 8.762 GC heap before
{Heap before GC invocations=18 (full 0):
 garbage-first heap   total 165888K, used 143360K [0x0000000722400000, 0x0000000800000000)
  region size 2048K, 26 young (53248K), 4 survivors (8192K)
 Metaspace       used 71315K, committed 71616K, reserved 1114112K
  class space    used 8167K, committed 8256K, reserved 1048576K
}
Event: 8.773 GC heap after
{Heap after GC invocations=19 (full 0):
 garbage-first heap   total 165888K, used 110449K [0x0000000722400000, 0x0000000800000000)
  region size 2048K, 4 young (8192K), 4 survivors (8192K)
 Metaspace       used 71315K, committed 71616K, reserved 1114112K
  class space    used 8167K, committed 8256K, reserved 1048576K
}
Event: 8.827 GC heap before
{Heap before GC invocations=19 (full 0):
 garbage-first heap   total 165888K, used 143217K [0x0000000722400000, 0x0000000800000000)
  region size 2048K, 20 young (40960K), 4 survivors (8192K)
 Metaspace       used 71315K, committed 71616K, reserved 1114112K
  class space    used 8167K, committed 8256K, reserved 1048576K
}
Event: 8.836 GC heap after
{Heap after GC invocations=20 (full 0):
 garbage-first heap   total 165888K, used 120832K [0x0000000722400000, 0x0000000800000000)
  region size 2048K, 3 young (6144K), 3 survivors (6144K)
 Metaspace       used 71315K, committed 71616K, reserved 1114112K
  class space    used 8167K, committed 8256K, reserved 1048576K
}
Event: 9.070 GC heap before
{Heap before GC invocations=21 (full 0):
 garbage-first heap   total 202752K, used 147456K [0x0000000722400000, 0x0000000800000000)
  region size 2048K, 16 young (32768K), 3 survivors (6144K)
 Metaspace       used 71408K, committed 71680K, reserved 1114112K
  class space    used 8170K, committed 8256K, reserved 1048576K
}
Event: 9.078 GC heap after
{Heap after GC invocations=22 (full 0):
 garbage-first heap   total 202752K, used 129024K [0x0000000722400000, 0x0000000800000000)
  region size 2048K, 2 young (4096K), 2 survivors (4096K)
 Metaspace       used 71408K, committed 71680K, reserved 1114112K
  class space    used 8170K, committed 8256K, reserved 1048576K
}
Event: 9.761 GC heap before
{Heap before GC invocations=22 (full 0):
 garbage-first heap   total 202752K, used 172032K [0x0000000722400000, 0x0000000800000000)
  region size 2048K, 23 young (47104K), 2 survivors (4096K)
 Metaspace       used 72086K, committed 72448K, reserved 1114112K
  class space    used 8207K, committed 8320K, reserved 1048576K
}
Event: 9.783 GC heap after
{Heap after GC invocations=23 (full 0):
 garbage-first heap   total 323584K, used 134946K [0x0000000722400000, 0x0000000800000000)
  region size 2048K, 3 young (6144K), 3 survivors (6144K)
 Metaspace       used 72086K, committed 72448K, reserved 1114112K
  class space    used 8207K, committed 8320K, reserved 1048576K
}

Dll operation events (3 events):
Event: 0.011 Loaded shared library D:\IDE\Android Studio\jbr\bin\java.dll
Event: 0.018 Loaded shared library D:\IDE\Android Studio\jbr\bin\zip.dll
Event: 2.225 Loaded shared library D:\IDE\Android Studio\jbr\bin\verify.dll

Deoptimization events (20 events):
Event: 12.574 Thread 0x000002265beb1d90 Uncommon trap: trap_request=0xffffffc6 fr.pc=0x000002266957ef3c relative=0x000000000000017c
Event: 12.574 Thread 0x000002265beb1d90 Uncommon trap: reason=bimorphic_or_optimized_type_check action=maybe_recompile pc=0x000002266957ef3c method=java.util.AbstractList.rangeCheckForAdd(I)V @ 6 c2
Event: 12.574 Thread 0x000002265beb1d90 DEOPT PACKING pc=0x000002266957ef3c sp=0x00000053debfc7a0
Event: 12.574 Thread 0x000002265beb1d90 DEOPT UNPACKING pc=0x0000022668b34422 sp=0x00000053debfc6e0 mode 2
Event: 12.578 Thread 0x000002265beb1d90 Uncommon trap: trap_request=0xffffff45 fr.pc=0x0000022669651e44 relative=0x0000000000000184
Event: 12.578 Thread 0x000002265beb1d90 Uncommon trap: reason=unstable_if action=reinterpret pc=0x0000022669651e44 method=kotlin.collections.CollectionsKt__CollectionsJVMKt.copyToArrayOfAny([Ljava/lang/Object;Z)[Ljava/lang/Object; @ 7 c2
Event: 12.578 Thread 0x000002265beb1d90 DEOPT PACKING pc=0x0000022669651e44 sp=0x00000053debfc280
Event: 12.578 Thread 0x000002265beb1d90 DEOPT UNPACKING pc=0x0000022668b34422 sp=0x00000053debfc1d0 mode 2
Event: 12.581 Thread 0x000002265beb1d90 Uncommon trap: trap_request=0xffffffc6 fr.pc=0x000002266930ecd8 relative=0x0000000000001278
Event: 12.581 Thread 0x000002265beb1d90 Uncommon trap: reason=bimorphic_or_optimized_type_check action=maybe_recompile pc=0x000002266930ecd8 method=org.jetbrains.kotlin.com.intellij.openapi.vfs.VirtualFile.getExtension()Ljava/lang/String; @ 1 c2
Event: 12.582 Thread 0x000002265beb1d90 DEOPT PACKING pc=0x000002266930ecd8 sp=0x00000053debfce70
Event: 12.582 Thread 0x000002265beb1d90 DEOPT UNPACKING pc=0x0000022668b34422 sp=0x00000053debfce58 mode 2
Event: 12.587 Thread 0x000002265beb1d90 Uncommon trap: trap_request=0xffffffc6 fr.pc=0x000002266930ecd8 relative=0x0000000000001278
Event: 12.587 Thread 0x000002265beb1d90 Uncommon trap: reason=bimorphic_or_optimized_type_check action=maybe_recompile pc=0x000002266930ecd8 method=org.jetbrains.kotlin.com.intellij.openapi.vfs.VirtualFile.getExtension()Ljava/lang/String; @ 1 c2
Event: 12.587 Thread 0x000002265beb1d90 DEOPT PACKING pc=0x000002266930ecd8 sp=0x00000053debfce70
Event: 12.587 Thread 0x000002265beb1d90 DEOPT UNPACKING pc=0x0000022668b34422 sp=0x00000053debfce58 mode 2
Event: 12.591 Thread 0x000002265beb1d90 Uncommon trap: trap_request=0xffffff45 fr.pc=0x0000022669456e30 relative=0x0000000000000090
Event: 12.591 Thread 0x000002265beb1d90 Uncommon trap: reason=unstable_if action=reinterpret pc=0x0000022669456e30 method=kotlin.collections.CollectionsKt___CollectionsKt.getOrNull(Ljava/util/List;I)Ljava/lang/Object; @ 8 c2
Event: 12.591 Thread 0x000002265beb1d90 DEOPT PACKING pc=0x0000022669456e30 sp=0x00000053debfcfa0
Event: 12.591 Thread 0x000002265beb1d90 DEOPT UNPACKING pc=0x0000022668b34422 sp=0x00000053debfcf48 mode 2

Classes loaded (20 events):
Event: 6.095 Loading class java/util/AbstractList$SubList$1
Event: 6.095 Loading class java/util/AbstractList$SubList$1 done
Event: 6.117 Loading class java/util/regex/Pattern$StartS
Event: 6.117 Loading class java/util/regex/Pattern$StartS done
Event: 6.120 Loading class java/util/Collections$SynchronizedSet
Event: 6.120 Loading class java/util/Collections$SynchronizedCollection
Event: 6.120 Loading class java/util/Collections$SynchronizedCollection done
Event: 6.120 Loading class java/util/Collections$SynchronizedSet done
Event: 6.138 Loading class java/util/EnumMap$EntrySet
Event: 6.139 Loading class java/util/EnumMap$EntrySet done
Event: 6.139 Loading class java/util/EnumMap$EntryIterator
Event: 6.139 Loading class java/util/EnumMap$EnumMapIterator
Event: 6.139 Loading class java/util/EnumMap$EnumMapIterator done
Event: 6.139 Loading class java/util/EnumMap$EntryIterator done
Event: 6.139 Loading class java/util/EnumMap$EntryIterator$Entry
Event: 6.139 Loading class java/util/EnumMap$EntryIterator$Entry done
Event: 6.743 Loading class java/util/AbstractList$RandomAccessSubList
Event: 6.743 Loading class java/util/AbstractList$RandomAccessSubList done
Event: 9.367 Loading class java/lang/Byte$ByteCache
Event: 9.367 Loading class java/lang/Byte$ByteCache done

Classes unloaded (0 events):
No events

Classes redefined (0 events):
No events

Internal exceptions (20 events):
Event: 5.468 Thread 0x000002265beb1d90 Implicit null exception at 0x0000022669357469 to 0x0000022669357c14
Event: 5.468 Thread 0x000002265beb1d90 Implicit null exception at 0x0000022669106347 to 0x00000226691065f4
Event: 5.471 Thread 0x000002265beb1d90 Implicit null exception at 0x00000226690e6cbd to 0x00000226690e6d41
Event: 5.471 Thread 0x000002265beb1d90 Implicit null exception at 0x0000022669366f1d to 0x0000022669367114
Event: 6.093 Thread 0x000002265beb1d90 Exception <a 'java/lang/NoSuchMethodError'{0x00000007301e1378}: 'java.lang.Object java.lang.invoke.Invokers$Holder.invokeExact_MT(java.lang.Object, java.lang.Object, long, java.lang.Object)'> (0x00000007301e1378) 
thrown [s\src\hotspot\share\interpreter\linkResolver.cpp, line 784]
Event: 6.757 Thread 0x000002265beb1d90 Exception <a 'java/lang/NoSuchMethodError'{0x000000072dc395c8}: 'java.lang.Object java.lang.invoke.DirectMethodHandle$Holder.invokeStatic(java.lang.Object, java.lang.Object, java.lang.Object, java.lang.Object, java.lang.Object, int)'> (0x000000072dc395c8) 
thrown [s\src\hotspot\share\interpreter\linkResolver.cpp, line 784]
Event: 6.766 Thread 0x000002265beb1d90 Exception <a 'java/lang/NoSuchMethodError'{0x000000072dcb4af0}: 'java.lang.Object java.lang.invoke.DirectMethodHandle$Holder.newInvokeSpecial(java.lang.Object, int, java.lang.Object)'> (0x000000072dcb4af0) 
thrown [s\src\hotspot\share\interpreter\linkResolver.cpp, line 784]
Event: 6.768 Thread 0x000002265beb1d90 Exception <a 'java/lang/NoSuchMethodError'{0x000000072dcc6fc8}: 'java.lang.Object java.lang.invoke.DirectMethodHandle$Holder.newInvokeSpecial(java.lang.Object, java.lang.Object, java.lang.Object, java.lang.Object, int, java.lang.Object, java.lang.Object)'> (0x000000072dcc6fc8) 
thrown [s\src\hotspot\share\interpreter\linkResolver.cpp, line 784]
Event: 6.768 Thread 0x000002265beb1d90 Exception <a 'java/lang/NoSuchMethodError'{0x000000072dccf358}: 'java.lang.Object java.lang.invoke.Invokers$Holder.linkToTargetMethod(java.lang.Object, java.lang.Object, java.lang.Object, int, java.lang.Object, java.lang.Object, java.lang.Object)'> (0x000000072dccf358) 
thrown [s\src\hotspot\share\interpreter\linkResolver.cpp, line 784]
Event: 6.810 Thread 0x000002265beb1d90 Exception <a 'java/lang/NoSuchMethodError'{0x0000000729e2d188}: 'java.lang.Object java.lang.invoke.DirectMethodHandle$Holder.invokeSpecial(java.lang.Object, java.lang.Object, int, java.lang.Object, java.lang.Object)'> (0x0000000729e2d188) 
thrown [s\src\hotspot\share\interpreter\linkResolver.cpp, line 784]
Event: 6.831 Thread 0x000002265beb1d90 Exception <a 'java/lang/NoSuchMethodError'{0x0000000729fbec70}: 'java.lang.Object java.lang.invoke.DirectMethodHandle$Holder.newInvokeSpecial(java.lang.Object, java.lang.Object, java.lang.Object, java.lang.Object, java.lang.Object, int)'> (0x0000000729fbec70) 
thrown [s\src\hotspot\share\interpreter\linkResolver.cpp, line 784]
Event: 6.831 Thread 0x000002265beb1d90 Exception <a 'java/lang/NoSuchMethodError'{0x0000000729fc33a8}: 'java.lang.Object java.lang.invoke.DirectMethodHandle$Holder.invokeSpecial(java.lang.Object, java.lang.Object, java.lang.Object, java.lang.Object, java.lang.Object, java.lang.Object, int)'> (0x0000000729fc33a8) 
thrown [s\src\hotspot\share\interpreter\linkResolver.cpp, line 784]
Event: 6.832 Thread 0x000002265beb1d90 Exception <a 'java/lang/NoSuchMethodError'{0x0000000729fc7490}: 'java.lang.Object java.lang.invoke.Invokers$Holder.linkToTargetMethod(java.lang.Object, java.lang.Object, java.lang.Object, java.lang.Object, int, java.lang.Object)'> (0x0000000729fc7490) 
thrown [s\src\hotspot\share\interpreter\linkResolver.cpp, line 784]
Event: 7.550 Thread 0x000002265beb1d90 Exception <a 'java/lang/NoSuchMethodError'{0x000000072b7c7730}: 'java.lang.Object java.lang.invoke.DirectMethodHandle$Holder.invokeStatic(java.lang.Object, java.lang.Object, java.lang.Object, int, java.lang.Object, java.lang.Object)'> (0x000000072b7c7730) 
thrown [s\src\hotspot\share\interpreter\linkResolver.cpp, line 784]
Event: 7.724 Thread 0x000002265beb1d90 Exception <a 'java/lang/NoSuchMethodError'{0x000000072adebd38}: 'java.lang.Object java.lang.invoke.DirectMethodHandle$Holder.invokeStatic(java.lang.Object, int, java.lang.Object, java.lang.Object)'> (0x000000072adebd38) 
thrown [s\src\hotspot\share\interpreter\linkResolver.cpp, line 784]
Event: 8.013 Thread 0x000002265beb1d90 Implicit null exception at 0x0000022669553ae8 to 0x0000022669553cac
Event: 8.251 Thread 0x000002265beb1d90 Exception <a 'java/lang/NoSuchMethodError'{0x000000072b2cfe68}: 'java.lang.Object java.lang.invoke.DirectMethodHandle$Holder.newInvokeSpecial(java.lang.Object, int, java.lang.Object, java.lang.Object, java.lang.Object)'> (0x000000072b2cfe68) 
thrown [s\src\hotspot\share\interpreter\linkResolver.cpp, line 784]
Event: 8.251 Thread 0x000002265beb1d90 Exception <a 'java/lang/NoSuchMethodError'{0x000000072b2d7ce8}: 'java.lang.Object java.lang.invoke.Invokers$Holder.linkToTargetMethod(int, java.lang.Object, java.lang.Object, java.lang.Object, java.lang.Object)'> (0x000000072b2d7ce8) 
thrown [s\src\hotspot\share\interpreter\linkResolver.cpp, line 784]
Event: 12.579 Thread 0x000002265beb1d90 Exception <a 'java/lang/NoSuchMethodError'{0x000000073058a930}: 'java.lang.Object java.lang.invoke.DirectMethodHandle$Holder.invokeStatic(java.lang.Object, int, int, java.lang.Object)'> (0x000000073058a930) 
thrown [s\src\hotspot\share\interpreter\linkResolver.cpp, line 784]
Event: 12.579 Thread 0x000002265beb1d90 Exception <a 'java/lang/NoSuchMethodError'{0x000000073058dff0}: 'java.lang.Object java.lang.invoke.DirectMethodHandle$Holder.invokeStaticInit(java.lang.Object, int, int, java.lang.Object)'> (0x000000073058dff0) 
thrown [s\src\hotspot\share\interpreter\linkResolver.cpp, line 784]

ZGC Phase Switch (0 events):
No events

VM Operations (20 events):
Event: 10.773 Executing VM operation: HandshakeAllThreads (Deoptimize) done
Event: 10.777 Executing VM operation: HandshakeAllThreads (Deoptimize)
Event: 10.777 Executing VM operation: HandshakeAllThreads (Deoptimize) done
Event: 10.785 Executing VM operation: HandshakeAllThreads (Deoptimize)
Event: 10.785 Executing VM operation: HandshakeAllThreads (Deoptimize) done
Event: 10.795 Executing VM operation: ICBufferFull
Event: 10.795 Executing VM operation: ICBufferFull done
Event: 11.803 Executing VM operation: Cleanup
Event: 11.835 Executing VM operation: Cleanup done
Event: 12.277 Executing VM operation: ICBufferFull
Event: 12.277 Executing VM operation: ICBufferFull done
Event: 12.455 Executing VM operation: HandshakeAllThreads (Deoptimize)
Event: 12.455 Executing VM operation: HandshakeAllThreads (Deoptimize) done
Event: 12.524 Executing VM operation: HandshakeAllThreads (Deoptimize)
Event: 12.524 Executing VM operation: HandshakeAllThreads (Deoptimize) done
Event: 12.526 Executing VM operation: HandshakeAllThreads (Deoptimize)
Event: 12.526 Executing VM operation: HandshakeAllThreads (Deoptimize) done
Event: 12.586 Executing VM operation: HandshakeAllThreads (Deoptimize)
Event: 12.586 Executing VM operation: HandshakeAllThreads (Deoptimize) done
Event: 13.601 Executing VM operation: Cleanup

Memory protections (0 events):
No events

Nmethod flushes (20 events):
Event: 8.910 Thread 0x0000022677ac4630 flushing  nmethod 0x00000226625b9f10
Event: 8.910 Thread 0x0000022677ac4630 flushing  nmethod 0x00000226625c1b10
Event: 8.910 Thread 0x0000022677ac4630 flushing  nmethod 0x00000226625c5d90
Event: 8.910 Thread 0x0000022677ac4630 flushing  nmethod 0x00000226625c8810
Event: 8.910 Thread 0x0000022677ac4630 flushing  nmethod 0x00000226625c9410
Event: 8.910 Thread 0x0000022677ac4630 flushing  nmethod 0x00000226626a2690
Event: 8.910 Thread 0x0000022677ac4630 flushing  nmethod 0x00000226626a8910
Event: 8.910 Thread 0x0000022677ac4630 flushing  nmethod 0x0000022662738c10
Event: 8.910 Thread 0x0000022677ac4630 flushing  nmethod 0x000002266273fa90
Event: 8.910 Thread 0x0000022677ac4630 flushing  nmethod 0x0000022662808510
Event: 8.910 Thread 0x0000022677ac4630 flushing  nmethod 0x000002266287f090
Event: 8.910 Thread 0x0000022677ac4630 flushing  nmethod 0x00000226628fb690
Event: 8.910 Thread 0x0000022677ac4630 flushing  nmethod 0x0000022662903a90
Event: 8.910 Thread 0x0000022677ac4630 flushing  nmethod 0x0000022662afb590
Event: 8.910 Thread 0x0000022677ac4630 flushing  nmethod 0x0000022662b54d90
Event: 8.910 Thread 0x0000022677ac4630 flushing  nmethod 0x0000022662b67690
Event: 8.910 Thread 0x0000022677ac4630 flushing  nmethod 0x0000022662b6a090
Event: 8.910 Thread 0x0000022677ac4630 flushing  nmethod 0x0000022662b6a690
Event: 8.910 Thread 0x0000022677ac4630 flushing  nmethod 0x0000022662b8f790
Event: 8.910 Thread 0x0000022677ac4630 flushing  nmethod 0x0000022662b98490

Events (20 events):
Event: 0.128 Loaded shared library D:\IDE\Android Studio\jbr\bin\net.dll
Event: 0.131 Loaded shared library D:\IDE\Android Studio\jbr\bin\nio.dll
Event: 0.149 Thread 0x000002267c0d6dd0 Thread added: 0x000002267c2a9f80
Event: 0.149 Thread 0x000002267c0d6dd0 Thread added: 0x000002267c2aa630
Event: 0.161 Loaded shared library D:\IDE\Android Studio\jbr\bin\zip.dll
Event: 0.226 Loaded shared library D:\IDE\Android Studio\jbr\bin\jimage.dll
Event: 0.552 Thread 0x000002267c2aa630 Thread exited: 0x000002267c2aa630
Event: 0.635 Thread 0x000002267c2a9f80 Thread exited: 0x000002267c2a9f80
Event: 1.028 Loaded shared library D:\IDE\Android Studio\jbr\bin\management.dll
Event: 1.037 Loaded shared library D:\IDE\Android Studio\jbr\bin\management_ext.dll
Event: 1.632 Thread 0x000002267c0f79b0 Thread added: 0x000002267d288380
Event: 2.418 Thread 0x000002267c0f79b0 Thread added: 0x000002267de4f270
Event: 3.139 Thread 0x000002267de4f270 Thread exited: 0x000002267de4f270
Event: 3.139 Thread 0x000002267d288380 Thread exited: 0x000002267d288380
Event: 3.381 Thread 0x000002267c0f79b0 Thread added: 0x000002267dd81c80
Event: 3.389 Thread 0x000002267c0f79b0 Thread added: 0x000002267f6e8060
Event: 3.634 Thread 0x000002267f6e8060 Thread exited: 0x000002267f6e8060
Event: 3.636 Thread 0x000002267dd81c80 Thread exited: 0x000002267dd81c80
Event: 3.785 Thread 0x000002267c0f79b0 Thread added: 0x000002267e0bf610
Event: 3.785 Thread 0x000002267c0f79b0 Thread added: 0x000002267e0bfcc0


Dynamic libraries:
0x00007ff6c8570000 - 0x00007ff6c857a000 	D:\IDE\Android Studio\jbr\bin\java.exe
0x00007ffaa8020000 - 0x00007ffaa8287000 	C:\WINDOWS\SYSTEM32\ntdll.dll
0x00007ffaa6df0000 - 0x00007ffaa6eb9000 	C:\WINDOWS\System32\KERNEL32.DLL
0x00007ffaa5640000 - 0x00007ffaa5a31000 	C:\WINDOWS\System32\KERNELBASE.dll
0x00007ffaa5c70000 - 0x00007ffaa5dbb000 	C:\WINDOWS\System32\ucrtbase.dll
0x00007ffa5fd50000 - 0x00007ffa5fd68000 	D:\IDE\Android Studio\jbr\bin\jli.dll
0x00007ffa8d480000 - 0x00007ffa8d49b000 	D:\IDE\Android Studio\jbr\bin\VCRUNTIME140.dll
0x00007ffaa63f0000 - 0x00007ffaa65b5000 	C:\WINDOWS\System32\USER32.dll
0x00007ffaa5430000 - 0x00007ffaa5457000 	C:\WINDOWS\System32\win32u.dll
0x00007ffa93c90000 - 0x00007ffa93f23000 	C:\WINDOWS\WinSxS\amd64_microsoft.windows.common-controls_6595b64144ccf1df_6.0.26100.8037_none_3e092faae333b53b\COMCTL32.dll
0x00007ffaa63c0000 - 0x00007ffaa63eb000 	C:\WINDOWS\System32\GDI32.dll
0x00007ffaa66d0000 - 0x00007ffaa6779000 	C:\WINDOWS\System32\msvcrt.dll
0x00007ffaa5460000 - 0x00007ffaa558b000 	C:\WINDOWS\System32\gdi32full.dll
0x00007ffaa4900000 - 0x00007ffaa49a3000 	C:\WINDOWS\System32\msvcp_win.dll
0x00007ffaa6270000 - 0x00007ffaa62a1000 	C:\WINDOWS\System32\IMM32.DLL
0x00007ffa9f5f0000 - 0x00007ffa9f5fc000 	D:\IDE\Android Studio\jbr\bin\vcruntime140_1.dll
0x00007ffa466c0000 - 0x00007ffa4674d000 	D:\IDE\Android Studio\jbr\bin\msvcp140.dll
0x00007ffa06a00000 - 0x00007ffa07696000 	D:\IDE\Android Studio\jbr\bin\server\jvm.dll
0x00007ffaa7570000 - 0x00007ffaa762b000 	C:\WINDOWS\System32\ADVAPI32.dll
0x00007ffaa5fb0000 - 0x00007ffaa6057000 	C:\WINDOWS\System32\sechost.dll
0x00007ffaa6ec0000 - 0x00007ffaa6fd8000 	C:\WINDOWS\System32\RPCRT4.dll
0x00007ffaa6640000 - 0x00007ffaa66b4000 	C:\WINDOWS\System32\WS2_32.dll
0x00007ffaa34d0000 - 0x00007ffaa352e000 	C:\WINDOWS\SYSTEM32\POWRPROF.dll
0x00007ffa9e790000 - 0x00007ffa9e79b000 	C:\WINDOWS\SYSTEM32\VERSION.dll
0x00007ffa9c260000 - 0x00007ffa9c295000 	C:\WINDOWS\SYSTEM32\WINMM.dll
0x00007ffaa34b0000 - 0x00007ffaa34c4000 	C:\WINDOWS\SYSTEM32\UMPDC.dll
0x00007ffaa3790000 - 0x00007ffaa37ab000 	C:\WINDOWS\SYSTEM32\kernel.appcore.dll
0x00007ffa8edd0000 - 0x00007ffa8edda000 	D:\IDE\Android Studio\jbr\bin\jimage.dll
0x00007ffa9ceb0000 - 0x00007ffa9d0f2000 	C:\WINDOWS\SYSTEM32\DBGHELP.DLL
0x00007ffaa67f0000 - 0x00007ffaa6b72000 	C:\WINDOWS\System32\combase.dll
0x00007ffaa7650000 - 0x00007ffaa7727000 	C:\WINDOWS\System32\OLEAUT32.dll
0x00007ffa8b740000 - 0x00007ffa8b77b000 	C:\WINDOWS\SYSTEM32\dbgcore.DLL
0x00007ffaa5590000 - 0x00007ffaa5635000 	C:\WINDOWS\System32\bcryptPrimitives.dll
0x00007ffa7f4e0000 - 0x00007ffa7f500000 	D:\IDE\Android Studio\jbr\bin\java.dll
0x00007ffa7d3d0000 - 0x00007ffa7d3e8000 	D:\IDE\Android Studio\jbr\bin\zip.dll
0x00007ffaa7820000 - 0x00007ffaa7f7f000 	C:\WINDOWS\System32\SHELL32.dll
0x00007ffaa5a40000 - 0x00007ffaa5baa000 	C:\WINDOWS\System32\wintypes.dll
0x00007ffaa4b30000 - 0x00007ffaa5394000 	C:\WINDOWS\System32\windows.storage.dll
0x00007ffaa62c0000 - 0x00007ffaa63b7000 	C:\WINDOWS\System32\SHCORE.dll
0x00007ffaa6780000 - 0x00007ffaa67e7000 	C:\WINDOWS\System32\shlwapi.dll
0x00007ffaa4820000 - 0x00007ffaa4849000 	C:\WINDOWS\SYSTEM32\profapi.dll
0x00007ffa83020000 - 0x00007ffa83030000 	D:\IDE\Android Studio\jbr\bin\net.dll
0x00007ffa9f2f0000 - 0x00007ffa9f417000 	C:\WINDOWS\SYSTEM32\WINHTTP.dll
0x00007ffaa3d20000 - 0x00007ffaa3d8b000 	C:\WINDOWS\system32\mswsock.dll
0x00007ffa7c6b0000 - 0x00007ffa7c6c6000 	D:\IDE\Android Studio\jbr\bin\nio.dll
0x00007ffa7d3c0000 - 0x00007ffa7d3c9000 	D:\IDE\Android Studio\jbr\bin\management.dll
0x00007ffa7cc50000 - 0x00007ffa7cc5b000 	D:\IDE\Android Studio\jbr\bin\management_ext.dll
0x00007ffaa62b0000 - 0x00007ffaa62b8000 	C:\WINDOWS\System32\PSAPI.DLL
0x00007ffa7ba40000 - 0x00007ffa7ba50000 	D:\IDE\Android Studio\jbr\bin\verify.dll

JVMTI agents: none

dbghelp: loaded successfully - version: 4.0.5 - missing functions: none
symbol engine: initialized successfully - sym options: 0x614 - pdb path: .;D:\IDE\Android Studio\jbr\bin;C:\WINDOWS\SYSTEM32;C:\WINDOWS\WinSxS\amd64_microsoft.windows.common-controls_6595b64144ccf1df_6.0.26100.8037_none_3e092faae333b53b;D:\IDE\Android Studio\jbr\bin\server

VM Arguments:
java_command: org.jetbrains.kotlin.cli.jvm.K2JVMCompiler -Xallow-no-source-files -classpath C:\Users\maksi\AppData\Local\Android\Sdk\platforms\android-36.1\android.jar;C:\Users\maksi\AppData\Local\Android\Sdk\build-tools\36.0.0\core-lambda-stubs.jar;D:\Programming\Kotlin\pet-care-app\app\build\intermediates\compile_r_class_jar\debug\generateDebugRFile\R.jar;C:\Users\maksi\.gradle\caches\9.2.1\transforms\5c0a84f00b7bf11230a51b4bcab05f89\workspace\transformed\navigation-common-2.7.7-api.jar;C:\Users\maksi\.gradle\caches\9.2.1\transforms\9f40b8412f872452319734002f2a7082\workspace\transformed\navigation-runtime-2.7.7-api.jar;C:\Users\maksi\.gradle\caches\9.2.1\transforms\064910882b2567d0bb027cb4cf7fa34f\workspace\transformed\navigation-common-ktx-2.7.7-api.jar;C:\Users\maksi\.gradle\caches\9.2.1\transforms\3051e19af19183614b0e8094370acc3e\workspace\transformed\navigation-runtime-ktx-2.7.7-api.jar;C:\Users\maksi\.gradle\caches\9.2.1\transforms\f00d810c73c7cccb3ec8f7238fea04de\workspace\transformed\navigation-compose-2.7.7-api.jar;C:\Users\maksi\.gradle\caches\9.2.1\transforms\a81f0254f406da5444da2b443cb0c91e\workspace\transformed\material3-api.jar;C:\Users\maksi\.gradle\caches\9.2.1\transforms\57600cff6328e702842ab0654dc70ec4\workspace\transformed\coil-compose-2.6.0-api.jar;C:\Users\maksi\.gradle\caches\9.2.1\transforms\8deaf54e092cf36073e4f7aab044e97f\workspace\transformed\coil-compose-base-2.6.0-api.jar;C:\Users\maksi\.gradle\caches\9.2.1\transforms\7220acec284303c6ab47d6e1f811ab7e\workspace\transformed\material-ripple-release-api.jar;C:\Users\maksi\.gradle\caches\9.2.1\transforms\d36231d81d70fd9567bec589cc5b39a0\workspace\transformed\animation-core-api.jar;C:\Users\maksi\.gradle\caches\9.2.1\transforms\83401a3667342b0110c229beb4f80584\workspace\transformed\animation-api.jar;C:\Users\maksi\.gradle\caches\9.2.1\transforms\914a526865bfedef99bd0b783e365c16\workspace\transformed\foundation-layout-api.jar;C:\Users\maksi\.gradle\caches\9.2.1\transforms\389f9074cb50e799041d
java_class_path (initial): C:\Users\maksi\.gradle\caches\modules-2\files-2.1\org.jetbrains.kotlin\kotlin-compiler-embeddable\2.3.10\6e349e33b398eb4f0227ceb5b99db2535a982670\kotlin-compiler-embeddable-2.3.10.jar;C:\Users\maksi\.gradle\caches\modules-2\files-2.1\org.jetbrains.kotlin\kotlin-stdlib\2.3.10\8b80e2f80a3b7daa99c16017f91d4c72cd8b31a6\kotlin-stdlib-2.3.10.jar;C:\Users\maksi\.gradle\caches\modules-2\files-2.1\org.jetbrains.kotlin\kotlin-script-runtime\2.3.10\1964f711f069f184f7848971fdcbdd15f26ef79\kotlin-script-runtime-2.3.10.jar;C:\Users\maksi\.gradle\caches\modules-2\files-2.1\org.jetbrains.kotlin\kotlin-reflect\1.6.10\1cbe9c92c12a94eea200d23c2bbaedaf3daf5132\kotlin-reflect-1.6.10.jar;C:\Users\maksi\.gradle\caches\modules-2\files-2.1\org.jetbrains.kotlin\kotlin-daemon-embeddable\2.3.10\5d578a9d479980dcf1144e721cb3502f0c23316e\kotlin-daemon-embeddable-2.3.10.jar;C:\Users\maksi\.gradle\caches\modules-2\files-2.1\org.jetbrains.kotlinx\kotlinx-coroutines-core-jvm\1.8.0\ac1dc37a30a93150b704022f8d895ee1bd3a36b3\kotlinx-coroutines-core-jvm-1.8.0.jar;C:\Users\maksi\.gradle\caches\modules-2\files-2.1\org.jetbrains\annotations\13.0\919f0dfe192fb4e063e7dacadee7f8bb9a2672a9\annotations-13.0.jar
Launcher Type: SUN_STANDARD

[Global flags]
     intx CICompilerCount                          = 4                                         {product} {ergonomic}
     uint ConcGCThreads                            = 3                                         {product} {ergonomic}
     uint G1ConcRefinementThreads                  = 10                                        {product} {ergonomic}
   size_t G1HeapRegionSize                         = 2097152                                   {product} {ergonomic}
    uintx GCDrainStackTargetSize                   = 64                                        {product} {ergonomic}
   size_t InitialHeapSize                          = 232783872                                 {product} {ergonomic}
   size_t MarkStackSize                            = 4194304                                   {product} {ergonomic}
   size_t MaxHeapSize                              = 3720347648                                {product} {ergonomic}
   size_t MaxNewSize                               = 2231369728                                {product} {ergonomic}
   size_t MinHeapDeltaBytes                        = 2097152                                   {product} {ergonomic}
   size_t MinHeapSize                              = 8388608                                   {product} {ergonomic}
    uintx NonNMethodCodeHeapSize                   = 5839372                                {pd product} {ergonomic}
    uintx NonProfiledCodeHeapSize                  = 122909434                              {pd product} {ergonomic}
    uintx ProfiledCodeHeapSize                     = 122909434                              {pd product} {ergonomic}
    uintx ReservedCodeCacheSize                    = 251658240                              {pd product} {ergonomic}
     bool SegmentedCodeCache                       = true                                      {product} {ergonomic}
   size_t SoftMaxHeapSize                          = 3720347648                             {manageable} {ergonomic}
     bool UseCompressedOops                        = true                           {product lp64_product} {ergonomic}
     bool UseG1GC                                  = true                                      {product} {ergonomic}
     bool UseLargePagesIndividualAllocation        = false                                  {pd product} {ergonomic}

Logging:
Log output configuration:
 #0: stdout all=warning uptime,level,tags foldmultilines=false
 #1: stderr all=off uptime,level,tags foldmultilines=false

Release file:
JAVA_VERSION="21.0.9" 
MODULES="java.base java.compiler java.datatransfer java.xml java.prefs java.desktop java.instrument java.logging java.management java.security.sasl java.naming java.rmi java.management.rmi java.net.http java.scripting java.security.jgss java.transaction.xa java.sql java.sql.rowset java.xml.crypto java.se java.smartcardio jdk.accessibility jdk.internal.jvmstat jdk.attach jdk.charsets jdk.internal.opt jdk.zipfs jdk.compiler jdk.crypto.ec jdk.crypto.cryptoki jdk.dynalink jdk.hotspot.agent jdk.httpserver jdk.internal.ed jdk.internal.le jdk.internal.vm.ci jdk.jartool jdk.javadoc jdk.jcmd jdk.jdeps jdk.jdwp.agent jdk.jdi jdk.jfr jdk.jlink jdk.jsobject jdk.localedata jdk.management jdk.management.agent jdk.management.jfr jdk.naming.dns jdk.naming.rmi jdk.net jdk.sctp jdk.security.auth jdk.security.jgss jdk.unsupported jdk.unsupported.desktop jdk.xml.dom" 
IMPLEMENTOR="JetBrains s.r.o." 
JAVA_RUNTIME_VERSION="21.0.9+-14649483-b1163.86" 
LIBC="default" 
OS_ARCH="x86_64" 
OS_NAME="Windows" 
SOURCE=".:git:554d0c326095" 

Environment Variables:
PATH=C:\WINDOWS\system32;C:\WINDOWS;C:\WINDOWS\System32\Wbem;C:\WINDOWS\System32\WindowsPowerShell\v1.0\;C:\WINDOWS\System32\OpenSSH\;C:\Program Files\Git\cmd;C:\Program Files\Docker\Docker\resources\bin;C:\Program Files\nodejs\;C:\Program Files\Amazon\AWSCLIV2\;C:\Users\maksi\AppData\Local\Programs\Python\Python313\Scripts\;C:\Users\maksi\AppData\Local\Programs\Python\Python313\;C:\Users\maksi\AppData\Local\Programs\Python\Launcher\;C:\Users\maksi\AppData\Local\Microsoft\WindowsApps;C:\Users\maksi\AppData\Local\JetBrains\Toolbox\scripts;C:\Users\maksi\AppData\Local\Microsoft\WindowsApps;C:\Users\maksi\AppData\Local\PowerToys\DSCModules\;C:\Users\maksi\AppData\Roaming\npm
USERNAME=maksi
OS=Windows_NT
PROCESSOR_IDENTIFIER=AMD64 Family 25 Model 80 Stepping 0, AuthenticAMD
TMP=C:\Users\maksi\AppData\Local\Temp
TEMP=C:\Users\maksi\AppData\Local\Temp




Periodic native trim disabled

JNI global refs:
JNI global refs: 14, weak refs: 0

JNI global refs memory usage: 835, weak refs: 833

Process memory usage:
Resident Set Size: 572020K (3% of 14528572K total physical memory with 516836K free physical memory)

OOME stack traces (most recent first):
Classloader memory used:
Loader jdk.internal.loader.ClassLoaders$AppClassLoader                                 : 60911K
Loader bootstrap                                                                       : 12000K
Loader java.net.URLClassLoader                                                         : 738K
Loader jdk.internal.jrtfs.JrtFileSystemProvider$JrtFsLoader                            : 322K
Loader jdk.internal.loader.ClassLoaders$PlatformClassLoader                            : 67960B

Classes loaded by more than one classloader:
Class jdk.internal.jimage.BasicImageReader                                            : loaded 2 times (x 95B)
Class jdk.internal.jimage.decompressor.StringSharingDecompressorFactory               : loaded 2 times (x 74B)
Class jdk.internal.jrtfs.JrtFileSystemProvider                                        : loaded 2 times (x 101B)
Class jdk.internal.jimage.ImageLocation                                               : loaded 2 times (x 90B)
Class jdk.internal.jimage.ImageBufferCache$1                                          : loaded 2 times (x 83B)
Class jdk.internal.jimage.ImageBufferCache$2                                          : loaded 2 times (x 91B)
Class jdk.internal.jimage.ImageHeader                                                 : loaded 2 times (x 71B)
Class jdk.internal.jimage.decompressor.ResourceDecompressor                           : loaded 2 times (x 70B)
Class jdk.internal.jimage.ImageStringsReader                                          : loaded 2 times (x 80B)
Class jdk.internal.jimage.ImageReader                                                 : loaded 2 times (x 75B)
Class jdk.internal.jimage.ImageReader$SharedImageReader                               : loaded 2 times (x 95B)
Class jdk.internal.jimage.decompressor.ResourceDecompressorFactory                    : loaded 2 times (x 74B)
Class jdk.internal.jimage.ImageReader$Node                                            : loaded 2 times (x 84B)
Class jdk.internal.jimage.BasicImageReader$1                                          : loaded 2 times (x 77B)
Class jdk.internal.jimage.decompressor.Decompressor                                   : loaded 2 times (x 72B)
Class jdk.internal.jimage.ImageBufferCache                                            : loaded 2 times (x 71B)
Class jdk.internal.jrtfs.JrtPath                                                      : loaded 2 times (x 118B)
Class jdk.internal.jimage.decompressor.ResourceDecompressorRepository                 : loaded 2 times (x 71B)
Class jdk.internal.jimage.ImageReader$Directory                                       : loaded 2 times (x 84B)
Class jdk.internal.jimage.decompressor.ZipDecompressorFactory                         : loaded 2 times (x 74B)
Class jdk.internal.jimage.decompressor.ZipDecompressor                                : loaded 2 times (x 75B)
Class jdk.internal.jimage.ImageStrings                                                : loaded 2 times (x 70B)
Class jdk.internal.jrtfs.JrtFileSystem                                                : loaded 2 times (x 102B)
Class jdk.internal.jimage.decompressor.CompressedResourceHeader                       : loaded 2 times (x 71B)
Class jdk.internal.jimage.decompressor.ResourceDecompressor$StringsProvider           : loaded 2 times (x 70B)

---------------  S Y S T E M  ---------------

OS:
 Windows 11 , 64 bit Build 26100 (10.0.26100.7920)
OS uptime: 8 days 6:56 hours
Hyper-V role detected

CPU: total 12 (initial active 12) (12 cores per cpu, 2 threads per core) family 25 model 80 stepping 0 microcode 0xa50000f, cx8, cmov, fxsr, ht, mmx, 3dnowpref, sse, sse2, sse3, ssse3, sse4a, sse4.1, sse4.2, popcnt, lzcnt, tsc, tscinvbit, avx, avx2, aes, erms, clmul, bmi1, bmi2, adx, sha, fma, vzeroupper, clflush, clflushopt, hv, rdtscp, rdpid, fsrm, f16c, cet_ss
Processor Information for processor 0
  Max Mhz: 3301, Current Mhz: 3301, Mhz Limit: 3301
Processor Information for processor 1
  Max Mhz: 3301, Current Mhz: 1805, Mhz Limit: 3301
Processor Information for processor 2
  Max Mhz: 3301, Current Mhz: 1805, Mhz Limit: 3301
Processor Information for processor 3
  Max Mhz: 3301, Current Mhz: 1805, Mhz Limit: 3301
Processor Information for processor 4
  Max Mhz: 3301, Current Mhz: 3301, Mhz Limit: 3301
Processor Information for processor 5
  Max Mhz: 3301, Current Mhz: 1805, Mhz Limit: 3301
Processor Information for processor 6
  Max Mhz: 3301, Current Mhz: 1805, Mhz Limit: 3301
Processor Information for processor 7
  Max Mhz: 3301, Current Mhz: 3301, Mhz Limit: 3301
Processor Information for processor 8
  Max Mhz: 3301, Current Mhz: 3301, Mhz Limit: 3301
Processor Information for processor 9
  Max Mhz: 3301, Current Mhz: 1805, Mhz Limit: 3301
Processor Information for processor 10
  Max Mhz: 3301, Current Mhz: 1805, Mhz Limit: 3301
Processor Information for processor 11
  Max Mhz: 3301, Current Mhz: 1805, Mhz Limit: 3301

Memory: 4k page, system-wide physical 14188M (449M free)
TotalPageFile size 35907M (AvailPageFile size 35M)
current process WorkingSet (physical memory assigned to process): 558M, peak: 558M
current process commit charge ("private bytes"): 598M, peak: 606M

vm_info: OpenJDK 64-Bit Server VM (21.0.9+-14649483-b1163.86) for windows-amd64 JRE (21.0.9+-14649483-b1163.86), built on 2025-12-30T22:08:35Z by "builder" with MS VC++ 16.10 / 16.11 (VS2019)

END.
